Archive member included to satisfy reference by file (symbol)

c:/program files/microchip/xc8/v2.41/avr/bin/../lib/gcc/avr/5.4.0/../../../../avr/lib/avrxmega4/memx-const\libm.a(divsf3.o)
                              build/default/production/main.o (__divsf3)
c:/program files/microchip/xc8/v2.41/avr/bin/../lib/gcc/avr/5.4.0/../../../../avr/lib/avrxmega4/memx-const\libm.a(divsf3x.o)
                              c:/program files/microchip/xc8/v2.41/avr/bin/../lib/gcc/avr/5.4.0/../../../../avr/lib/avrxmega4/memx-const\libm.a(divsf3.o) (__divsf3x)
c:/program files/microchip/xc8/v2.41/avr/bin/../lib/gcc/avr/5.4.0/../../../../avr/lib/avrxmega4/memx-const\libm.a(fixunssfsi.o)
                              build/default/production/main.o (__fixunssfsi)
c:/program files/microchip/xc8/v2.41/avr/bin/../lib/gcc/avr/5.4.0/../../../../avr/lib/avrxmega4/memx-const\libm.a(floatdisf.o)
                              build/default/production/main.o (__floatdisf)
c:/program files/microchip/xc8/v2.41/avr/bin/../lib/gcc/avr/5.4.0/../../../../avr/lib/avrxmega4/memx-const\libm.a(floatundisf.o)
                              c:/program files/microchip/xc8/v2.41/avr/bin/../lib/gcc/avr/5.4.0/../../../../avr/lib/avrxmega4/memx-const\libm.a(floatdisf.o) (__fp_di2sf)
c:/program files/microchip/xc8/v2.41/avr/bin/../lib/gcc/avr/5.4.0/../../../../avr/lib/avrxmega4/memx-const\libm.a(fp_inf.o)
                              c:/program files/microchip/xc8/v2.41/avr/bin/../lib/gcc/avr/5.4.0/../../../../avr/lib/avrxmega4/memx-const\libm.a(divsf3x.o) (__fp_inf)
c:/program files/microchip/xc8/v2.41/avr/bin/../lib/gcc/avr/5.4.0/../../../../avr/lib/avrxmega4/memx-const\libm.a(fp_nan.o)
                              c:/program files/microchip/xc8/v2.41/avr/bin/../lib/gcc/avr/5.4.0/../../../../avr/lib/avrxmega4/memx-const\libm.a(divsf3x.o) (__fp_nan)
c:/program files/microchip/xc8/v2.41/avr/bin/../lib/gcc/avr/5.4.0/../../../../avr/lib/avrxmega4/memx-const\libm.a(fp_negdi.o)
                              c:/program files/microchip/xc8/v2.41/avr/bin/../lib/gcc/avr/5.4.0/../../../../avr/lib/avrxmega4/memx-const\libm.a(floatdisf.o) (__fp_negdi)
c:/program files/microchip/xc8/v2.41/avr/bin/../lib/gcc/avr/5.4.0/../../../../avr/lib/avrxmega4/memx-const\libm.a(fp_pscA.o)
                              c:/program files/microchip/xc8/v2.41/avr/bin/../lib/gcc/avr/5.4.0/../../../../avr/lib/avrxmega4/memx-const\libm.a(divsf3x.o) (__fp_pscA)
c:/program files/microchip/xc8/v2.41/avr/bin/../lib/gcc/avr/5.4.0/../../../../avr/lib/avrxmega4/memx-const\libm.a(fp_pscB.o)
                              c:/program files/microchip/xc8/v2.41/avr/bin/../lib/gcc/avr/5.4.0/../../../../avr/lib/avrxmega4/memx-const\libm.a(divsf3x.o) (__fp_pscB)
c:/program files/microchip/xc8/v2.41/avr/bin/../lib/gcc/avr/5.4.0/../../../../avr/lib/avrxmega4/memx-const\libm.a(fp_round.o)
                              c:/program files/microchip/xc8/v2.41/avr/bin/../lib/gcc/avr/5.4.0/../../../../avr/lib/avrxmega4/memx-const\libm.a(divsf3.o) (__fp_round)
c:/program files/microchip/xc8/v2.41/avr/bin/../lib/gcc/avr/5.4.0/../../../../avr/lib/avrxmega4/memx-const\libm.a(fp_split3.o)
                              c:/program files/microchip/xc8/v2.41/avr/bin/../lib/gcc/avr/5.4.0/../../../../avr/lib/avrxmega4/memx-const\libm.a(divsf3x.o) (__fp_split3)
c:/program files/microchip/xc8/v2.41/avr/bin/../lib/gcc/avr/5.4.0/../../../../avr/lib/avrxmega4/memx-const\libm.a(fp_zero.o)
                              c:/program files/microchip/xc8/v2.41/avr/bin/../lib/gcc/avr/5.4.0/../../../../avr/lib/avrxmega4/memx-const\libm.a(fixunssfsi.o) (__fp_zero)
c:/program files/microchip/xc8/v2.41/avr/bin/../lib/gcc/avr/5.4.0/../../../../avr/lib/avrxmega4/memx-const\libm.a(mulsf3.o)
                              build/default/production/main.o (__mulsf3)
c:/program files/microchip/xc8/v2.41/avr/bin/../lib/gcc/avr/5.4.0/../../../../avr/lib/avrxmega4/memx-const\libm.a(mulsf3x.o)
                              c:/program files/microchip/xc8/v2.41/avr/bin/../lib/gcc/avr/5.4.0/../../../../avr/lib/avrxmega4/memx-const\libm.a(mulsf3.o) (__mulsf3x)
c:/program files/microchip/xc8/v2.41/avr/bin/../lib/gcc/avr/5.4.0/../../../../avr/lib/avrxmega4/memx-const\libm.a(sqrtf.o)
                              build/default/production/main.o (sqrt)
c:/program files/microchip/xc8/v2.41/avr/bin/../lib/gcc/avr/5.4.0/../../../../avr/lib/avrxmega4/memx-const\libm.a(addsf3.o)
                              c:/program files/microchip/xc8/v2.41/avr/bin/../lib/gcc/avr/5.4.0/../../../../avr/lib/avrxmega4/memx-const\libm.a(sqrtf.o) (__subsf3)
c:/program files/microchip/xc8/v2.41/avr/bin/../lib/gcc/avr/5.4.0/../../../../avr/lib/avrxmega4/memx-const\libm.a(addsf3x.o)
                              c:/program files/microchip/xc8/v2.41/avr/bin/../lib/gcc/avr/5.4.0/../../../../avr/lib/avrxmega4/memx-const\libm.a(addsf3.o) (__addsf3x)
c:/program files/microchip/xc8/v2.41/avr/bin/../lib/gcc/avr/5.4.0/../../../../avr/lib/avrxmega4/memx-const\libm.a(gesf2.o)
[...]
Memory Configuration

Name             Origin             Length             Attributes
text             0x0000000000000000 0x0000000000020000 xr
data             0x0000000000804000 0x0000000000004000 rw !x
eeprom           0x0000000000810000 0x0000000000000200 rw !x
fuse             0x0000000000820000 0x0000000000000010 rw !x
lock             0x0000000000830000 0x0000000000000400 rw !x
signature        0x0000000000840000 0x0000000000000400 rw !x
user_signatures  0x0000000000850000 0x0000000000000400 rw !x
bootrow          0x0000000000860000 0x0000000000000400 rw !x
*default*        0x0000000000000000 0xffffffffffffffff

Linker script and memory map

Address of section .data set to 0x804000
                0x0000000000008000                __RODATA_PM_OFFSET__ = 0x8000
LOAD C:/Users/I51005/.mchp_packs/Microchip/AVR-Dx_DFP/2.3.272/xc8/avr/lib/avrxmega4/memx-const/crtavr128da48.o
                0x0000000000000001                __MPLAB_BUILD = 0x1
LOAD build/default/production/mcc_generated_files/adc/src/adc0.o
LOAD build/default/production/mcc_generated_files/system/src/protected_io.o
LOAD build/default/production/mcc_generated_files/system/src/interrupt.o
LOAD build/default/production/mcc_generated_files/system/src/clock.o
LOAD build/default/production/mcc_generated_files/system/src/system.o
LOAD build/default/production/mcc_generated_files/system/src/config_bits.o
LOAD build/default/production/mcc_generated_files/system/src/pins.o
LOAD build/default/production/mcc_generated_files/timer/src/rtc.o
LOAD build/default/production/mcc_generated_files/uart/src/usart1.o
LOAD build/default/production/mcc_generated_files/vref/src/vref.o
LOAD build/default/production/main.o
START GROUP
LOAD c:/program files/microchip/xc8/v2.41/avr/bin/../lib/gcc/avr/5.4.0/../../../../avr/lib/avrxmega4/memx-const\libm.a
END GROUP
START GROUP
LOAD c:/program files/microchip/xc8/v2.41/avr/bin/../lib/gcc/avr/5.4.0/avrxmega4/memx-const\libgcc.a
LOAD c:/program files/microchip/xc8/v2.41/avr/bin/../lib/gcc/avr/5.4.0/../../../../avr/lib/avrxmega4/memx-const\libm.a
LOAD c:/program files/microchip/xc8/v2.41/avr/bin/../lib/gcc/avr/5.4.0/../../../../avr/lib/avrxmega4/memx-const\libc.a
LOAD C:/Users/I51005/.mchp_packs/Microchip/AVR-Dx_DFP/2.3.272/xc8/avr/lib/avrxmega4/memx-const\libavr128da48.a
END GROUP
                [0x0000000000000000]                __TEXT_REGION_ORIGIN__ = DEFINED (__TEXT_REGION_ORIGIN__)?__TEXT_REGION_ORIGIN__:0x0
                [0x0000000000804000]                __DATA_REGION_ORIGIN__ = DEFINED (__DATA_REGION_ORIGIN__)?__DATA_REGION_ORIGIN__:0x802000
                [0x0000000000020000]                __TEXT_REGION_LENGTH__ = DEFINED (__TEXT_REGION_LENGTH__)?__TEXT_REGION_LENGTH__:0x100000
                [0x0000000000004000]                __DATA_REGION_LENGTH__ = DEFINED (__DATA_REGION_LENGTH__)?__DATA_REGION_LENGTH__:0xffa0
                [0x0000000000000200]                __EEPROM_REGION_LENGTH__ = DEFINED (__EEPROM_REGION_LENGTH__)?__EEPROM_REGION_LENGTH__:0x10000
                [0x0000000000000010]                __FUSE_REGION_LENGTH__ = DEFINED (__FUSE_REGION_LENGTH__)?__FUSE_REGION_LENGTH__:0x400
                0x0000000000000400                __LOCK_REGION_LENGTH__ = DEFINED (__LOCK_REGION_LENGTH__)?__LOCK_REGION_LENGTH__:0x400
                0x0000000000000400                __SIGNATURE_REGION_LENGTH__ = DEFINED (__SIGNATURE_REGION_LENGTH__)?__SIGNATURE_REGION_LENGTH__:0x400
                0x0000000000000400                __USER_SIGNATURE_REGION_LENGTH__ = DEFINED (__USER_SIGNATURE_REGION_LENGTH__)?__USER_SIGNATURE_REGION_LENGTH__:0x400
                0x0000000000000400                __BOOTROW_REGION_LENGTH__ = DEFINED (__BOOTROW_REGION_LENGTH__)?__BOOTROW_REGION_LENGTH__:0x400

.hash
 *(.hash)

.dynsym
 *(.dynsym)

.dynstr
 *(.dynstr)

.gnu.version
 *(.gnu.version)

.gnu.version_d
 *(.gnu.version_d)

.gnu.version_r
 *(.gnu.version_r)

.rel.init
 *(.rel.init)

.rela.init
 *(.rela.init)

.rel.text
 *(.rel.text)
 *(.rel.text.*)
 *(.rel.gnu.linkonce.t*)

.rela.text
 *(.rela.text)
 *(.rela.text.*)
 *(.rela.gnu.linkonce.t*)

.rel.fini
 *(.rel.fini)

.rela.fini
 *(.rela.fini)

.rel.rodata
 *(.rel.rodata)
 *(.rel.rodata.*)
 *(.rel.gnu.linkonce.r*)

.rela.rodata
 *(.rela.rodata)
 *(.rela.rodata.*)
 *(.rela.gnu.linkonce.r*)

.rel.data
 *(.rel.data)
 *(.rel.data.*)
 *(.rel.gnu.linkonce.d*)

.rela.data
 *(.rela.data)
 *(.rela.data.*)
 *(.rela.gnu.linkonce.d*)

.rel.ctors
 *(.rel.ctors)

.rela.ctors
 *(.rela.ctors)

.rel.dtors
 *(.rel.dtors)

.rela.dtors
 *(.rela.dtors)

.rel.got
 *(.rel.got)

.rela.got
 *(.rela.got)

.rel.bss
 *(.rel.bss)

.rela.bss
 *(.rela.bss)

.rel.plt
 *(.rel.plt)

.rela.plt
 *(.rela.plt)

.text           0x0000000000000000      0x15e
 *(.vectors)
 .vectors       0x0000000000000000       0xe8 C:/Users/I51005/.mchp_packs/Microchip/AVR-Dx_DFP/2.3.272/xc8/avr/lib/avrxmega4/memx-const/crtavr128da48.o
                0x0000000000000000                __vector_default
                0x0000000000000000                __vectors
 *(.vectors)
 *(.progmem.gcc*)
 *(.dinit)
 .dinit         0x00000000000000e8       0x1d data_init
                0x0000000000000106                . = ALIGN (0x2)
 *fill*         0x0000000000000105        0x1 
                0x0000000000000106                __trampolines_start = .
 *(.trampolines)
 .trampolines   0x0000000000000106        0x0 linker stubs
 *(.trampolines*)
                0x0000000000000106                __trampolines_end = .
 *libprintf_flt.a:*(.progmem.data)
 *libc.a:*(.progmem.data)
                0x0000000000000106                . = ALIGN (0x2)
 *(.jumptables)
 *(.jumptables*)
 *(.lowtext)
 *(.lowtext*)
                0x0000000000000106                __ctors_start = .
 *(.ctors)
                0x0000000000000106                __ctors_end = .
                0x0000000000000106                __dtors_start = .
 *(.dtors)
                0x0000000000000106                __dtors_end = .
 SORT(*)(.ctors)
 SORT(*)(.dtors)
 *(.init0)
 .init0         0x0000000000000106        0x0 C:/Users/I51005/.mchp_packs/Microchip/AVR-Dx_DFP/2.3.272/xc8/avr/lib/avrxmega4/memx-const/crtavr128da48.o
                0x0000000000000106                __init
 *(.init0)
 *(.init1)
 *(.init1)
 *(.init2)
 .init2         0x0000000000000106        0xc C:/Users/I51005/.mchp_packs/Microchip/AVR-Dx_DFP/2.3.272/xc8/avr/lib/avrxmega4/memx-const/crtavr128da48.o
 *(.init2)
 *(.init3)
 *(.init3)
 *(.init4)
 .init4         0x0000000000000112       0x40 c:/program files/microchip/xc8/v2.41/avr/bin/../lib/gcc/avr/5.4.0/avrxmega4/memx-const\libgcc.a(_copy_data.o)
                0x0000000000000112                __do_copy_data
                0x0000000000000144                __do_clear_bss
 *(.init4)
 *(.init5)
 *(.init5)
 *(.init6)
 *(.init6)
 *(.init7)
 *(.init7)
 *(.init8)
 *(.init8)
 *(.init9)
 .init9         0x0000000000000152        0x8 C:/Users/I51005/.mchp_packs/Microchip/AVR-Dx_DFP/2.3.272/xc8/avr/lib/avrxmega4/memx-const/crtavr128da48.o
 *(.init9)
                0x000000000000015a                . = ALIGN (0x2)
 *(.fini9)
 .fini9         0x000000000000015a        0x0 c:/program files/microchip/xc8/v2.41/avr/bin/../lib/gcc/avr/5.4.0/avrxmega4/memx-const\libgcc.a(_exit.o)
                0x000000000000015a                _exit
 *(.fini9)
 *(.fini8)
 *(.fini8)
 *(.fini7)
 *(.fini7)
 *(.fini6)
 *(.fini6)
 *(.fini5)
 *(.fini5)
 *(.fini4)
 *(.fini4)
 *(.fini3)
 *(.fini3)
 *(.fini2)
 *(.fini2)
 *(.fini1)
 *(.fini1)
 *(.fini0)
 .fini0         0x000000000000015a        0x4 c:/program files/microchip/xc8/v2.41/avr/bin/../lib/gcc/avr/5.4.0/avrxmega4/memx-const\libgcc.a(_exit.o)
 *(.fini0)
                0x000000000000015e                _etext = .

.data           0x0000000000804000        0x0 load address 0x000000000000015e
                [!provide]                        PROVIDE (__data_start, .)
 *(.gnu.linkonce.d*)
 *(.gnu.linkonce.r*)
                0x0000000000804000                . = ALIGN (0x2)
                0x0000000000804000                _edata = .
                [!provide]                        PROVIDE (__data_end, .)

.bss            0x0000000000804000        0x2
                [!provide]                        PROVIDE (__bss_start, .)
 *(COMMON)
 COMMON         0x0000000000804000        0x2 c:/program files/microchip/xc8/v2.41/avr/bin/../lib/gcc/avr/5.4.0/../../../../avr/lib/avrxmega4/memx-const\libc.a(errno.o)
                0x0000000000804000                __errno_val
                [!provide]                        PROVIDE (__bss_end, .)
                0x000000000000015e                __data_load_start = LOADADDR (.data)
                0x000000000000015e                __data_load_end = (__data_load_start + SIZEOF (.data))

.noinit         0x0000000000804002        0x0
                [!provide]                        PROVIDE (__noinit_start, .)
 *(.noinit*)
                [!provide]                        PROVIDE (__noinit_end, .)
                0x0000000000804002                _end = .

.eeprom         0x0000000000810000        0x0
 *(.eeprom*)
                0x0000000000810000                __eeprom_end = .

.fuse           0x0000000000820000        0x9
 *(.fuse)
 .fuse          0x0000000000820000        0x9 build/default/production/mcc_generated_files/system/src/config_bits.o
                0x0000000000820000                __fuse
 *(.lfuse)
 *(.hfuse)
 *(.efuse)

.lock
 *(.lock*)

.signature
 *(.signature*)

.user_signatures
 *(.user_signatures*)

.bootrow
 *(.bootrow*)

.stab
 *(.stab)

.stabstr
 *(.stabstr)

.stab.excl
 *(.stab.excl)

.stab.exclstr
 *(.stab.exclstr)

.stab.index
 *(.stab.index)

.stab.indexstr
 *(.stab.indexstr)

.comment        0x0000000000000000       0x5b
 *(.comment)
 .comment       0x0000000000000000       0x2f build/default/production/mcc_generated_files/adc/src/adc0.o
                                         0x30 (size before relaxing)
 .comment       0x000000000000002f       0x30 build/default/production/mcc_generated_files/system/src/interrupt.o
 .comment       0x000000000000002f       0x30 build/default/production/mcc_generated_files/system/src/clock.o
 .comment       0x000000000000002f       0x30 build/default/production/mcc_generated_files/system/src/system.o
 .comment       0x000000000000002f       0x30 build/default/production/mcc_generated_files/system/src/config_bits.o
 .comment       0x000000000000002f       0x30 build/default/production/mcc_generated_files/system/src/pins.o
 .comment       0x000000000000002f       0x30 build/default/production/mcc_generated_files/timer/src/rtc.o
 .comment       0x000000000000002f       0x30 build/default/production/mcc_generated_files/uart/src/usart1.o
 .comment       0x000000000000002f       0x30 build/default/production/mcc_generated_files/vref/src/vref.o
 .comment       0x000000000000002f       0x30 build/default/production/main.o
 .comment       0x000000000000002f       0x2c c:/program files/microchip/xc8/v2.41/avr/bin/../lib/gcc/avr/5.4.0/../../../../avr/lib/avrxmega4/memx-const\libm.a(sqrtf.o)
                                         0x2d (size before relaxing)
 .comment       0x000000000000005b       0x2d c:/program files/microchip/xc8/v2.41/avr/bin/../lib/gcc/avr/5.4.0/../../../../avr/lib/avrxmega4/memx-const\libc.a(errno.o)
 .comment       0x000000000000005b       0x2d c:/program files/microchip/xc8/v2.41/avr/bin/../lib/gcc/avr/5.4.0/../../../../avr/lib/avrxmega4/memx-const\libc.a(exit.o)
 .comment       0x000000000000005b       0x2d c:/program files/microchip/xc8/v2.41/avr/bin/../lib/gcc/avr/5.4.0/../../../../avr/lib/avrxmega4/memx-const\libc.a(__sio_printf_doux.o)
 .comment       0x000000000000005b       0x2d c:/program files/microchip/xc8/v2.41/avr/bin/../lib/gcc/avr/5.4.0/../../../../avr/lib/avrxmega4/memx-const\libc.a(__fmt_d.o)
 .comment       0x000000000000005b       0x2d c:/program files/microchip/xc8/v2.41/avr/bin/../lib/gcc/avr/5.4.0/../../../../avr/lib/avrxmega4/memx-const\libc.a(__fmt_o.o)
 .comment       0x000000000000005b       0x2d c:/program files/microchip/xc8/v2.41/avr/bin/../lib/gcc/avr/5.4.0/../../../../avr/lib/avrxmega4/memx-const\libc.a(__fmt_s.o)
 .comment       0x000000000000005b       0x2d c:/program files/microchip/xc8/v2.41/avr/bin/../lib/gcc/avr/5.4.0/../../../../avr/lib/avrxmega4/memx-const\libc.a(__fmt_u.o)
 .comment       0x000000000000005b       0x2d c:/program files/microchip/xc8/v2.41/avr/bin/../lib/gcc/avr/5.4.0/../../../../avr/lib/avrxmega4/memx-const\libc.a(__fmt_x.o)
 .comment       0x000000000000005b       0x2d c:/program files/microchip/xc8/v2.41/avr/bin/../lib/gcc/avr/5.4.0/../../../../avr/lib/avrxmega4/memx-const\libc.a(__pop_int.o)
 .comment       0x000000000000005b       0x2d c:/program files/microchip/xc8/v2.41/avr/bin/../lib/gcc/avr/5.4.0/../../../../avr/lib/avrxmega4/memx-const\libc.a(__printf_core.o)
 .comment       0x000000000000005b       0x2d c:/program files/microchip/xc8/v2.41/avr/bin/../lib/gcc/avr/5.4.0/../../../../avr/lib/avrxmega4/memx-const\libc.a(fputc.o)
 .comment       0x000000000000005b       0x2d c:/program files/microchip/xc8/v2.41/avr/bin/../lib/gcc/avr/5.4.0/../../../../avr/lib/avrxmega4/memx-const\libc.a(puts.o)
 .comment       0x000000000000005b       0x2d c:/program files/microchip/xc8/v2.41/avr/bin/../lib/gcc/avr/5.4.0/../../../../avr/lib/avrxmega4/memx-const\libc.a(stdout.o)
 .comment       0x000000000000005b       0x2d c:/program files/microchip/xc8/v2.41/avr/bin/../lib/gcc/avr/5.4.0/../../../../avr/lib/avrxmega4/memx-const\libc.a(strlen.o)
 .comment       0x000000000000005b       0x2d c:/program files/microchip/xc8/v2.41/avr/bin/../lib/gcc/avr/5.4.0/../../../../avr/lib/avrxmega4/memx-const\libc.a(tolower.o)
 .comment       0x000000000000005b       0x2d c:/program files/microchip/xc8/v2.41/avr/bin/../lib/gcc/avr/5.4.0/../../../../avr/lib/avrxmega4/memx-const\libc.a(toupper.o)
 .comment       0x000000000000005b       0x2d c:/program files/microchip/xc8/v2.41/avr/bin/../lib/gcc/avr/5.4.0/../../../../avr/lib/avrxmega4/memx-const\libc.a(_Exit.o)
 .comment       0x000000000000005b       0x2d c:/program files/microchip/xc8/v2.41/avr/bin/../lib/gcc/avr/5.4.0/../../../../avr/lib/avrxmega4/memx-const\libc.a(__int_vfprintf.o)
 .comment       0x000000000000005b       0x2d c:/program files/microchip/xc8/v2.41/avr/bin/../lib/gcc/avr/5.4.0/../../../../avr/lib/avrxmega4/memx-const\libc.a(fputs.o)

.stack.descriptors.hdr
                0x0000000000000000      0x284
 .stack.descriptors.hdr
                0x0000000000000000        0xe c:/program files/microchip/xc8/v2.41/avr/bin/../lib/gcc/avr/5.4.0/../../../../avr/lib/avrxmega4/memx-const\libm.a(divsf3.o)
 .stack.descriptors.hdr
                0x000000000000000e        0xe c:/program files/microchip/xc8/v2.41/avr/bin/../lib/gcc/avr/5.4.0/../../../../avr/lib/avrxmega4/memx-const\libm.a(divsf3x.o)
 .stack.descriptors.hdr
                0x000000000000001c        0xe c:/program files/microchip/xc8/v2.41/avr/bin/../lib/gcc/avr/5.4.0/../../../../avr/lib/avrxmega4/memx-const\libm.a(fixunssfsi.o)
 .stack.descriptors.hdr
                0x000000000000002a        0xe c:/program files/microchip/xc8/v2.41/avr/bin/../lib/gcc/avr/5.4.0/../../../../avr/lib/avrxmega4/memx-const\libm.a(floatdisf.o)
 .stack.descriptors.hdr
                0x0000000000000038        0xe c:/program files/microchip/xc8/v2.41/avr/bin/../lib/gcc/avr/5.4.0/../../../../avr/lib/avrxmega4/memx-const\libm.a(floatundisf.o)
 .stack.descriptors.hdr
                0x0000000000000046        0xe c:/program files/microchip/xc8/v2.41/avr/bin/../lib/gcc/avr/5.4.0/../../../../avr/lib/avrxmega4/memx-const\libm.a(fp_inf.o)
 .stack.descriptors.hdr
                0x0000000000000054        0xe c:/program files/microchip/xc8/v2.41/avr/bin/../lib/gcc/avr/5.4.0/../../../../avr/lib/avrxmega4/memx-const\libm.a(fp_nan.o)
 .stack.descriptors.hdr
                0x0000000000000062        0xe c:/program files/microchip/xc8/v2.41/avr/bin/../lib/gcc/avr/5.4.0/../../../../avr/lib/avrxmega4/memx-const\libm.a(fp_negdi.o)
 .stack.descriptors.hdr
                0x0000000000000070        0xe c:/program files/microchip/xc8/v2.41/avr/bin/../lib/gcc/avr/5.4.0/../../../../avr/lib/avrxmega4/memx-const\libm.a(fp_pscA.o)
 .stack.descriptors.hdr
                0x000000000000007e        0xe c:/program files/microchip/xc8/v2.41/avr/bin/../lib/gcc/avr/5.4.0/../../../../avr/lib/avrxmega4/memx-const\libm.a(fp_pscB.o)
 .stack.descriptors.hdr
                0x000000000000008c        0xe c:/program files/microchip/xc8/v2.41/avr/bin/../lib/gcc/avr/5.4.0/../../../../avr/lib/avrxmega4/memx-const\libm.a(fp_round.o)
 .stack.descriptors.hdr
                0x000000000000009a        0xe c:/program files/microchip/xc8/v2.41/avr/bin/../lib/gcc/avr/5.4.0/../../../../avr/lib/avrxmega4/memx-const\libm.a(fp_split3.o)
 .stack.descriptors.hdr
                0x00000000000000a8        0xe c:/program files/microchip/xc8/v2.41/avr/bin/../lib/gcc/avr/5.4.0/../../../../avr/lib/avrxmega4/memx-const\libm.a(fp_zero.o)
 .stack.descriptors.hdr
                0x00000000000000b6        0xe c:/program files/microchip/xc8/v2.41/avr/bin/../lib/gcc/avr/5.4.0/../../../../avr/lib/avrxmega4/memx-const\libm.a(mulsf3.o)
 .stack.descriptors.hdr
                0x00000000000000c4        0xe c:/program files/microchip/xc8/v2.41/avr/bin/../lib/gcc/avr/5.4.0/../../../../avr/lib/avrxmega4/memx-const\libm.a(mulsf3x.o)
 .stack.descriptors.hdr
                0x00000000000000d2        0xe c:/program files/microchip/xc8/v2.41/avr/bin/../lib/gcc/avr/5.4.0/../../../../avr/lib/avrxmega4/memx-const\libm.a(sqrtf.o)
 .stack.descriptors.hdr
                0x00000000000000e0        0xe c:/program files/microchip/xc8/v2.41/avr/bin/../lib/gcc/avr/5.4.0/../../../../avr/lib/avrxmega4/memx-const\libm.a(addsf3.o)
 .stack.descriptors.hdr
                0x00000000000000ee        0xe c:/program files/microchip/xc8/v2.41/avr/bin/../lib/gcc/avr/5.4.0/../../../../avr/lib/avrxmega4/memx-const\libm.a(addsf3x.o)
 .stack.descriptors.hdr
                0x00000000000000fc        0xe c:/program files/microchip/xc8/v2.41/avr/bin/../lib/gcc/avr/5.4.0/../../../../avr/lib/avrxmega4/memx-const\libm.a(gesf2.o)
 .stack.descriptors.hdr
                0x000000000000010a        0xe c:/program files/microchip/xc8/v2.41/avr/bin/../lib/gcc/avr/5.4.0/../../../../avr/lib/avrxmega4/memx-const\libm.a(fp_cmp.o)
 .stack.descriptors.hdr
                0x0000000000000118        0xe c:/program files/microchip/xc8/v2.41/avr/bin/../lib/gcc/avr/5.4.0/avrxmega4/memx-const\libgcc.a(_mulsi3.o)
 .stack.descriptors.hdr
                0x0000000000000126        0xe c:/program files/microchip/xc8/v2.41/avr/bin/../lib/gcc/avr/5.4.0/avrxmega4/memx-const\libgcc.a(_muluhisi3.o)
 .stack.descriptors.hdr
                0x0000000000000134        0xe c:/program files/microchip/xc8/v2.41/avr/bin/../lib/gcc/avr/5.4.0/avrxmega4/memx-const\libgcc.a(_adddi3.o)
 .stack.descriptors.hdr
                0x0000000000000142        0xe c:/program files/microchip/xc8/v2.41/avr/bin/../lib/gcc/avr/5.4.0/avrxmega4/memx-const\libgcc.a(_umulhisi3.o)
 .stack.descriptors.hdr
                0x0000000000000150        0xe c:/program files/microchip/xc8/v2.41/avr/bin/../lib/gcc/avr/5.4.0/../../../../avr/lib/avrxmega4/memx-const\libc.a(errno.o)
 .stack.descriptors.hdr
                0x000000000000015e        0xe c:/program files/microchip/xc8/v2.41/avr/bin/../lib/gcc/avr/5.4.0/../../../../avr/lib/avrxmega4/memx-const\libc.a(exit.o)
 .stack.descriptors.hdr
                0x000000000000016c        0xe c:/program files/microchip/xc8/v2.41/avr/bin/../lib/gcc/avr/5.4.0/../../../../avr/lib/avrxmega4/memx-const\libc.a(__sio_printf_doux.o)
 .stack.descriptors.hdr
                0x000000000000017a        0xe c:/program files/microchip/xc8/v2.41/avr/bin/../lib/gcc/avr/5.4.0/../../../../avr/lib/avrxmega4/memx-const\libc.a(__fmt_d.o)
 .stack.descriptors.hdr
                0x0000000000000188        0xe c:/program files/microchip/xc8/v2.41/avr/bin/../lib/gcc/avr/5.4.0/../../../../avr/lib/avrxmega4/memx-const\libc.a(__fmt_o.o)
 .stack.descriptors.hdr
                0x0000000000000196        0xe c:/program files/microchip/xc8/v2.41/avr/bin/../lib/gcc/avr/5.4.0/../../../../avr/lib/avrxmega4/memx-const\libc.a(__fmt_s.o)
 .stack.descriptors.hdr
                0x00000000000001a4        0xe c:/program files/microchip/xc8/v2.41/avr/bin/../lib/gcc/avr/5.4.0/../../../../avr/lib/avrxmega4/memx-const\libc.a(__fmt_u.o)
 .stack.descriptors.hdr
                0x00000000000001b2        0xe c:/program files/microchip/xc8/v2.41/avr/bin/../lib/gcc/avr/5.4.0/../../../../avr/lib/avrxmega4/memx-const\libc.a(__fmt_x.o)
 .stack.descriptors.hdr
                0x00000000000001c0        0xe c:/program files/microchip/xc8/v2.41/avr/bin/../lib/gcc/avr/5.4.0/../../../../avr/lib/avrxmega4/memx-const\libc.a(__pop_int.o)
 .stack.descriptors.hdr
                0x00000000000001ce        0xe c:/program files/microchip/xc8/v2.41/avr/bin/../lib/gcc/avr/5.4.0/../../../../avr/lib/avrxmega4/memx-const\libc.a(__printf_core.o)
 .stack.descriptors.hdr
                0x00000000000001dc        0xe c:/program files/microchip/xc8/v2.41/avr/bin/../lib/gcc/avr/5.4.0/../../../../avr/lib/avrxmega4/memx-const\libc.a(fputc.o)
 .stack.descriptors.hdr
                0x00000000000001ea        0xe c:/program files/microchip/xc8/v2.41/avr/bin/../lib/gcc/avr/5.4.0/../../../../avr/lib/avrxmega4/memx-const\libc.a(puts.o)
 .stack.descriptors.hdr
                0x00000000000001f8        0xe c:/program files/microchip/xc8/v2.41/avr/bin/../lib/gcc/avr/5.4.0/../../../../avr/lib/avrxmega4/memx-const\libc.a(stdout.o)
 .stack.descriptors.hdr
                0x0000000000000206        0xe c:/program files/microchip/xc8/v2.41/avr/bin/../lib/gcc/avr/5.4.0/../../../../avr/lib/avrxmega4/memx-const\libc.a(strlen.o)
 .stack.descriptors.hdr
                0x0000000000000214        0xe c:/program files/microchip/xc8/v2.41/avr/bin/../lib/gcc/avr/5.4.0/../../../../avr/lib/avrxmega4/memx-const\libc.a(tolower.o)
 .stack.descriptors.hdr
                0x0000000000000222        0xe c:/program files/microchip/xc8/v2.41/avr/bin/../lib/gcc/avr/5.4.0/../../../../avr/lib/avrxmega4/memx-const\libc.a(toupper.o)
 .stack.descriptors.hdr
                0x0000000000000230        0xe c:/program files/microchip/xc8/v2.41/avr/bin/../lib/gcc/avr/5.4.0/../../../../avr/lib/avrxmega4/memx-const\libc.a(_Exit.o)
 .stack.descriptors.hdr
                0x000000000000023e        0xe c:/program files/microchip/xc8/v2.41/avr/bin/../lib/gcc/avr/5.4.0/../../../../avr/lib/avrxmega4/memx-const\libc.a(__int_vfprintf.o)
 .stack.descriptors.hdr
                0x000000000000024c        0xe c:/program files/microchip/xc8/v2.41/avr/bin/../lib/gcc/avr/5.4.0/../../../../avr/lib/avrxmega4/memx-const\libc.a(fputs.o)
 .stack.descriptors.hdr
                0x000000000000025a        0xe c:/program files/microchip/xc8/v2.41/avr/bin/../lib/gcc/avr/5.4.0/avrxmega4/memx-const\libgcc.a(_udivmodsi4.o)
 .stack.descriptors.hdr
                0x0000000000000268        0xe c:/program files/microchip/xc8/v2.41/avr/bin/../lib/gcc/avr/5.4.0/avrxmega4/memx-const\libgcc.a(_exit.o)
 .stack.descriptors.hdr
                0x0000000000000276        0xe c:/program files/microchip/xc8/v2.41/avr/bin/../lib/gcc/avr/5.4.0/avrxmega4/memx-const\libgcc.a(_xload_1.o)

.note.GNU-stack
                0x0000000000000000        0x0
 .note.GNU-stack
                0x0000000000000000        0x0 c:/program files/microchip/xc8/v2.41/avr/bin/../lib/gcc/avr/5.4.0/../../../../avr/lib/avrxmega4/memx-const\libm.a(divsf3.o)
 .note.GNU-stack
                0x0000000000000000        0x0 c:/program files/microchip/xc8/v2.41/avr/bin/../lib/gcc/avr/5.4.0/../../../../avr/lib/avrxmega4/memx-const\libm.a(divsf3x.o)
 .note.GNU-stack
                0x0000000000000000        0x0 c:/program files/microchip/xc8/v2.41/avr/bin/../lib/gcc/avr/5.4.0/../../../../avr/lib/avrxmega4/memx-const\libm.a(fixunssfsi.o)
 .note.GNU-stack
                0x0000000000000000        0x0 c:/program files/microchip/xc8/v2.41/avr/bin/../lib/gcc/avr/5.4.0/../../../../avr/lib/avrxmega4/memx-const\libm.a(floatdisf.o)
 .note.GNU-stack
                0x0000000000000000        0x0 c:/program files/microchip/xc8/v2.41/avr/bin/../lib/gcc/avr/5.4.0/../../../../avr/lib/avrxmega4/memx-const\libm.a(floatundisf.o)
 .note.GNU-stack
                0x0000000000000000        0x0 c:/program files/microchip/xc8/v2.41/avr/bin/../lib/gcc/avr/5.4.0/../../../../avr/lib/avrxmega4/memx-const\libm.a(fp_inf.o)
 .note.GNU-stack
                0x0000000000000000        0x0 c:/program files/microchip/xc8/v2.41/avr/bin/../lib/gcc/avr/5.4.0/../../../../avr/lib/avrxmega4/memx-const\libm.a(fp_nan.o)
 .note.GNU-stack
                0x0000000000000000        0x0 c:/program files/microchip/xc8/v2.41/avr/bin/../lib/gcc/avr/5.4.0/../../../../avr/lib/avrxmega4/memx-const\libm.a(fp_negdi.o)
 .note.GNU-stack
                0x0000000000000000        0x0 c:/program files/microchip/xc8/v2.41/avr/bin/../lib/gcc/avr/5.4.0/../../../../avr/lib/avrxmega4/memx-const\libm.a(fp_pscA.o)
 .note.GNU-stack
                0x0000000000000000        0x0 c:/program files/microchip/xc8/v2.41/avr/bin/../lib/gcc/avr/5.4.0/../../../../avr/lib/avrxmega4/memx-const\libm.a(fp_pscB.o)
 .note.GNU-stack
                0x0000000000000000        0x0 c:/program files/microchip/xc8/v2.41/avr/bin/../lib/gcc/avr/5.4.0/../../../../avr/lib/avrxmega4/memx-const\libm.a(fp_round.o)
 .note.GNU-stack
                0x0000000000000000        0x0 c:/program files/microchip/xc8/v2.41/avr/bin/../lib/gcc/avr/5.4.0/../../../../avr/lib/avrxmega4/memx-const\libm.a(fp_split3.o)
 .note.GNU-stack
                0x0000000000000000        0x0 c:/program files/microchip/xc8/v2.41/avr/bin/../lib/gcc/avr/5.4.0/../../../../avr/lib/avrxmega4/memx-const\libm.a(fp_zero.o)
 .note.GNU-stack
                0x0000000000000000        0x0 c:/program files/microchip/xc8/v2.41/avr/bin/../lib/gcc/avr/5.4.0/../../../../avr/lib/avrxmega4/memx-const\libm.a(mulsf3.o)
 .note.GNU-stack
                0x0000000000000000        0x0 c:/program files/microchip/xc8/v2.41/avr/bin/../lib/gcc/avr/5.4.0/../../../../avr/lib/avrxmega4/memx-const\libm.a(mulsf3x.o)
 .note.GNU-stack
                0x0000000000000000        0x0 c:/program files/microchip/xc8/v2.41/avr/bin/../lib/gcc/avr/5.4.0/../../../../avr/lib/avrxmega4/memx-const\libm.a(sqrtf.o)
 .note.GNU-stack
                0x0000000000000000        0x0 c:/program files/microchip/xc8/v2.41/avr/bin/../lib/gcc/avr/5.4.0/../../../../avr/lib/avrxmega4/memx-const\libm.a(addsf3.o)
 .note.GNU-stack
                0x0000000000000000        0x0 c:/program files/microchip/xc8/v2.41/avr/bin/../lib/gcc/avr/5.4.0/../../../../avr/lib/avrxmega4/memx-const\libm.a(addsf3x.o)
 .note.GNU-stack
                0x0000000000000000        0x0 c:/program files/microchip/xc8/v2.41/avr/bin/../lib/gcc/avr/5.4.0/../../../../avr/lib/avrxmega4/memx-const\libm.a(gesf2.o)
 .note.GNU-stack
                0x0000000000000000        0x0 c:/program files/microchip/xc8/v2.41/avr/bin/../lib/gcc/avr/5.4.0/../../../../avr/lib/avrxmega4/memx-const\libm.a(fp_cmp.o)
 .note.GNU-stack
                0x0000000000000000        0x0 c:/program files/microchip/xc8/v2.41/avr/bin/../lib/gcc/avr/5.4.0/../../../../avr/lib/avrxmega4/memx-const\libc.a(errno.o)
 .note.GNU-stack
                0x0000000000000000        0x0 c:/program files/microchip/xc8/v2.41/avr/bin/../lib/gcc/avr/5.4.0/../../../../avr/lib/avrxmega4/memx-const\libc.a(exit.o)
 .note.GNU-stack
                0x0000000000000000        0x0 c:/program files/microchip/xc8/v2.41/avr/bin/../lib/gcc/avr/5.4.0/../../../../avr/lib/avrxmega4/memx-const\libc.a(__sio_printf_doux.o)
 .note.GNU-stack
                0x0000000000000000        0x0 c:/program files/microchip/xc8/v2.41/avr/bin/../lib/gcc/avr/5.4.0/../../../../avr/lib/avrxmega4/memx-const\libc.a(__fmt_d.o)
 .note.GNU-stack
                0x0000000000000000        0x0 c:/program files/microchip/xc8/v2.41/avr/bin/../lib/gcc/avr/5.4.0/../../../../avr/lib/avrxmega4/memx-const\libc.a(__fmt_o.o)
 .note.GNU-stack
                0x0000000000000000        0x0 c:/program files/microchip/xc8/v2.41/avr/bin/../lib/gcc/avr/5.4.0/../../../../avr/lib/avrxmega4/memx-const\libc.a(__fmt_s.o)
 .note.GNU-stack
                0x0000000000000000        0x0 c:/program files/microchip/xc8/v2.41/avr/bin/../lib/gcc/avr/5.4.0/../../../../avr/lib/avrxmega4/memx-const\libc.a(__fmt_u.o)
 .note.GNU-stack
                0x0000000000000000        0x0 c:/program files/microchip/xc8/v2.41/avr/bin/../lib/gcc/avr/5.4.0/../../../../avr/lib/avrxmega4/memx-const\libc.a(__fmt_x.o)
 .note.GNU-stack
                0x0000000000000000        0x0 c:/program files/microchip/xc8/v2.41/avr/bin/../lib/gcc/avr/5.4.0/../../../../avr/lib/avrxmega4/memx-const\libc.a(__pop_int.o)
 .note.GNU-stack
                0x0000000000000000        0x0 c:/program files/microchip/xc8/v2.41/avr/bin/../lib/gcc/avr/5.4.0/../../../../avr/lib/avrxmega4/memx-const\libc.a(__printf_core.o)
 .note.GNU-stack
                0x0000000000000000        0x0 c:/program files/microchip/xc8/v2.41/avr/bin/../lib/gcc/avr/5.4.0/../../../../avr/lib/avrxmega4/memx-const\libc.a(fputc.o)
 .note.GNU-stack
                0x0000000000000000        0x0 c:/program files/microchip/xc8/v2.41/avr/bin/../lib/gcc/avr/5.4.0/../../../../avr/lib/avrxmega4/memx-const\libc.a(puts.o)
 .note.GNU-stack
                0x0000000000000000        0x0 c:/program files/microchip/xc8/v2.41/avr/bin/../lib/gcc/avr/5.4.0/../../../../avr/lib/avrxmega4/memx-const\libc.a(stdout.o)
 .note.GNU-stack
                0x0000000000000000        0x0 c:/program files/microchip/xc8/v2.41/avr/bin/../lib/gcc/avr/5.4.0/../../../../avr/lib/avrxmega4/memx-const\libc.a(strlen.o)
 .note.GNU-stack
                0x0000000000000000        0x0 c:/program files/microchip/xc8/v2.41/avr/bin/../lib/gcc/avr/5.4.0/../../../../avr/lib/avrxmega4/memx-const\libc.a(tolower.o)
 .note.GNU-stack
                0x0000000000000000        0x0 c:/program files/microchip/xc8/v2.41/avr/bin/../lib/gcc/avr/5.4.0/../../../../avr/lib/avrxmega4/memx-const\libc.a(toupper.o)
 .note.GNU-stack
                0x0000000000000000        0x0 c:/program files/microchip/xc8/v2.41/avr/bin/../lib/gcc/avr/5.4.0/../../../../avr/lib/avrxmega4/memx-const\libc.a(_Exit.o)
 .note.GNU-stack
                0x0000000000000000        0x0 c:/program files/microchip/xc8/v2.41/avr/bin/../lib/gcc/avr/5.4.0/../../../../avr/lib/avrxmega4/memx-const\libc.a(__int_vfprintf.o)
 .note.GNU-stack
                0x0000000000000000        0x0 c:/program files/microchip/xc8/v2.41/avr/bin/../lib/gcc/avr/5.4.0/../../../../avr/lib/avrxmega4/memx-const\libc.a(fputs.o)

.note.gnu.build-id
 *(.note.gnu.build-id)

.debug
 *(.debug)

.line
 *(.line)

.debug_srcinfo
 *(.debug_srcinfo)

.debug_sfnames
 *(.debug_sfnames)

.debug_aranges  0x0000000000000000      0x3f0
 *(.debug_aranges)
 .debug_aranges
                0x0000000000000000       0xc8 build/default/production/mcc_generated_files/adc/src/adc0.o
 .debug_aranges
                0x00000000000000c8       0x20 build/default/production/mcc_generated_files/system/src/protected_io.o
 .debug_aranges
                0x00000000000000e8       0x20 build/default/production/mcc_generated_files/system/src/interrupt.o
 .debug_aranges
                0x0000000000000108       0x20 build/default/production/mcc_generated_files/system/src/clock.o
 .debug_aranges
                0x0000000000000128       0x20 build/default/production/mcc_generated_files/system/src/system.o
 .debug_aranges
                0x0000000000000148       0x18 build/default/production/mcc_generated_files/system/src/config_bits.o
 .debug_aranges
                0x0000000000000160       0x90 build/default/production/mcc_generated_files/system/src/pins.o
 .debug_aranges
                0x00000000000001f0       0xc8 build/default/production/mcc_generated_files/timer/src/rtc.o
 .debug_aranges
                0x00000000000002b8       0xe0 build/default/production/mcc_generated_files/uart/src/usart1.o
 .debug_aranges
                0x0000000000000398       0x20 build/default/production/mcc_generated_files/vref/src/vref.o
 .debug_aranges
                0x00000000000003b8       0x38 build/default/production/main.o

.debug_pubnames
 *(.debug_pubnames)

.debug_info     0x0000000000000000     0x83c0
 *(.debug_info .gnu.linkonce.wi.*)
 .debug_info    0x0000000000000000     0x3227 C:/Users/I51005/.mchp_packs/Microchip/AVR-Dx_DFP/2.3.272/xc8/avr/lib/avrxmega4/memx-const/crtavr128da48.o
 .debug_info    0x0000000000003227      0xc3b build/default/production/mcc_generated_files/adc/src/adc0.o
 .debug_info    0x0000000000003e62       0xd3 build/default/production/mcc_generated_files/system/src/protected_io.o
 .debug_info    0x0000000000003f35      0x43e build/default/production/mcc_generated_files/system/src/interrupt.o
 .debug_info    0x0000000000004373      0x785 build/default/production/mcc_generated_files/system/src/clock.o
 .debug_info    0x0000000000004af8      0x399 build/default/production/mcc_generated_files/system/src/system.o
 .debug_info    0x0000000000004e91      0x8a6 build/default/production/mcc_generated_files/system/src/config_bits.o
 .debug_info    0x0000000000005737      0xa25 build/default/production/mcc_generated_files/system/src/pins.o
 .debug_info    0x000000000000615c      0x985 build/default/production/mcc_generated_files/timer/src/rtc.o
 .debug_info    0x0000000000006ae1      0xf94 build/default/production/mcc_generated_files/uart/src/usart1.o
 .debug_info    0x0000000000007a75      0x3aa build/default/production/mcc_generated_files/vref/src/vref.o
 .debug_info    0x0000000000007e1f      0x5a1 build/default/production/main.o

.debug_abbrev   0x0000000000000000     0x3c1c
 *(.debug_abbrev)
 .debug_abbrev  0x0000000000000000     0x2f80 C:/Users/I51005/.mchp_packs/Microchip/AVR-Dx_DFP/2.3.272/xc8/avr/lib/avrxmega4/memx-const/crtavr128da48.o
 .debug_abbrev  0x0000000000002f80      0x23f build/default/production/mcc_generated_files/adc/src/adc0.o
 .debug_abbrev  0x00000000000031bf       0x14 build/default/production/mcc_generated_files/system/src/protected_io.o
 .debug_abbrev  0x00000000000031d3       0xfa build/default/production/mcc_generated_files/system/src/interrupt.o
 .debug_abbrev  0x00000000000032cd      0x11d build/default/production/mcc_generated_files/system/src/clock.o
 .debug_abbrev  0x00000000000033ea       0x58 build/default/production/mcc_generated_files/system/src/system.o
 .debug_abbrev  0x0000000000003442       0x97 build/default/production/mcc_generated_files/system/src/config_bits.o
 .debug_abbrev  0x00000000000034d9      0x14a build/default/production/mcc_generated_files/system/src/pins.o
 .debug_abbrev  0x0000000000003623      0x14c build/default/production/mcc_generated_files/timer/src/rtc.o
 .debug_abbrev  0x000000000000376f      0x2e2 build/default/production/mcc_generated_files/uart/src/usart1.o
 .debug_abbrev  0x0000000000003a51       0x8c build/default/production/mcc_generated_files/vref/src/vref.o
 .debug_abbrev  0x0000000000003add      0x13f build/default/production/main.o

.debug_line     0x0000000000000000     0x1c1b
 *(.debug_line .debug_line.* .debug_line_end)
 .debug_line    0x0000000000000000      0x1f6 C:/Users/I51005/.mchp_packs/Microchip/AVR-Dx_DFP/2.3.272/xc8/avr/lib/avrxmega4/memx-const/crtavr128da48.o
 .debug_line    0x00000000000001f6      0x3f5 build/default/production/mcc_generated_files/adc/src/adc0.o
 .debug_line    0x00000000000005eb       0x73 build/default/production/mcc_generated_files/system/src/protected_io.o
 .debug_line    0x000000000000065e      0x18a build/default/production/mcc_generated_files/system/src/interrupt.o
 .debug_line    0x00000000000007e8      0x16c build/default/production/mcc_generated_files/system/src/clock.o
 .debug_line    0x0000000000000954      0x1a0 build/default/production/mcc_generated_files/system/src/system.o
 .debug_line    0x0000000000000af4       0xf1 build/default/production/mcc_generated_files/system/src/config_bits.o
 .debug_line    0x0000000000000be5      0x446 build/default/production/mcc_generated_files/system/src/pins.o
 .debug_line    0x000000000000102b      0x3cf build/default/production/mcc_generated_files/timer/src/rtc.o
 .debug_line    0x00000000000013fa      0x4f3 build/default/production/mcc_generated_files/uart/src/usart1.o
 .debug_line    0x00000000000018ed      0x110 build/default/production/mcc_generated_files/vref/src/vref.o
 .debug_line    0x00000000000019fd      0x21e build/default/production/main.o

.debug_frame    0x0000000000000000      0x87c
 *(.debug_frame)
 .debug_frame   0x0000000000000000      0x204 build/default/production/mcc_generated_files/adc/src/adc0.o
 .debug_frame   0x0000000000000204       0x24 build/default/production/mcc_generated_files/system/src/interrupt.o
 .debug_frame   0x0000000000000228       0x24 build/default/production/mcc_generated_files/system/src/clock.o
 .debug_frame   0x000000000000024c       0x24 build/default/production/mcc_generated_files/system/src/system.o
 .debug_frame   0x0000000000000270      0x1a8 build/default/production/mcc_generated_files/system/src/pins.o
 .debug_frame   0x0000000000000418      0x204 build/default/production/mcc_generated_files/timer/src/rtc.o
 .debug_frame   0x000000000000061c      0x1ac build/default/production/mcc_generated_files/uart/src/usart1.o
 .debug_frame   0x00000000000007c8       0x24 build/default/production/mcc_generated_files/vref/src/vref.o
 .debug_frame   0x00000000000007ec       0x90 build/default/production/main.o

.debug_str      0x0000000000000000     0x16a5
 *(.debug_str)
 .debug_str     0x0000000000000000     0x153f C:/Users/I51005/.mchp_packs/Microchip/AVR-Dx_DFP/2.3.272/xc8/avr/lib/avrxmega4/memx-const/crtavr128da48.o
 .debug_str     0x000000000000153f       0x11 build/default/production/mcc_generated_files/adc/src/adc0.o
 .debug_str     0x0000000000001550       0x13 build/default/production/mcc_generated_files/system/src/interrupt.o
 .debug_str     0x0000000000001563       0x13 build/default/production/mcc_generated_files/system/src/clock.o
 .debug_str     0x0000000000001576       0x7b build/default/production/mcc_generated_files/system/src/system.o
 .debug_str     0x00000000000015f1        0x0 build/default/production/mcc_generated_files/system/src/config_bits.o
 .debug_str     0x00000000000015f1       0x25 build/default/production/mcc_generated_files/system/src/pins.o
 .debug_str     0x0000000000001616        0x9 build/default/production/mcc_generated_files/timer/src/rtc.o
 .debug_str     0x000000000000161f       0x10 build/default/production/mcc_generated_files/uart/src/usart1.o
 .debug_str     0x000000000000162f        0x0 build/default/production/mcc_generated_files/vref/src/vref.o
 .debug_str     0x000000000000162f       0x76 build/default/production/main.o

.debug_loc      0x0000000000000000      0x3d2
 *(.debug_loc)
 .debug_loc     0x0000000000000000      0x147 build/default/production/mcc_generated_files/adc/src/adc0.o
 .debug_loc     0x0000000000000147       0x2a build/default/production/mcc_generated_files/system/src/interrupt.o
 .debug_loc     0x0000000000000171      0x171 build/default/production/mcc_generated_files/system/src/clock.o
 .debug_loc     0x00000000000002e2       0x9e build/default/production/mcc_generated_files/uart/src/usart1.o
 .debug_loc     0x0000000000000380       0x52 build/default/production/main.o

.debug_macinfo
 *(.debug_macinfo)

.debug_weaknames
 *(.debug_weaknames)

.debug_funcnames
 *(.debug_funcnames)

.debug_typenames
 *(.debug_typenames)

.debug_varnames
 *(.debug_varnames)

.debug_pubtypes
 *(.debug_pubtypes)

.debug_ranges   0x0000000000000000      0x340
 *(.debug_ranges)
 .debug_ranges  0x0000000000000000       0xb8 build/default/production/mcc_generated_files/adc/src/adc0.o
 .debug_ranges  0x00000000000000b8       0x10 build/default/production/mcc_generated_files/system/src/interrupt.o
 .debug_ranges  0x00000000000000c8       0x10 build/default/production/mcc_generated_files/system/src/clock.o
 .debug_ranges  0x00000000000000d8       0x10 build/default/production/mcc_generated_files/system/src/system.o
 .debug_ranges  0x00000000000000e8       0x80 build/default/production/mcc_generated_files/system/src/pins.o
 .debug_ranges  0x0000000000000168       0xb8 build/default/production/mcc_generated_files/timer/src/rtc.o
 .debug_ranges  0x0000000000000220       0xd0 build/default/production/mcc_generated_files/uart/src/usart1.o
 .debug_ranges  0x00000000000002f0       0x10 build/default/production/mcc_generated_files/vref/src/vref.o
 .debug_ranges  0x0000000000000300       0x40 build/default/production/main.o

.debug_macro
 *(.debug_macro)
OUTPUT(dist/default/production/avr128da48-adc-ac-voltage-measurement-mplab.X.production.elf elf32-avr)
LOAD linker stubs
LOAD data_init

.note.gnu.avr.deviceinfo
                0x0000000000000000       0x40
 .note.gnu.avr.deviceinfo
                0x0000000000000000       0x40 C:/Users/I51005/.mchp_packs/Microchip/AVR-Dx_DFP/2.3.272/xc8/avr/lib/avrxmega4/memx-const/crtavr128da48.o

.bss.ADC0_resrdy_cb
                0x0000000000804033        0x2
 .bss.ADC0_resrdy_cb
                0x0000000000804033        0x2 build/default/production/mcc_generated_files/adc/src/adc0.o
                0x0000000000804033                ADC0_resrdy_cb

.bss.ADC0_window_cb
                0x0000000000804035        0x2
 .bss.ADC0_window_cb
                0x0000000000804035        0x2 build/default/production/mcc_generated_files/adc/src/adc0.o
                0x0000000000804035                ADC0_window_cb

.bss.IO_PD7_InterruptHandler
                0x0000000000804037        0x2
 .bss.IO_PD7_InterruptHandler
                0x0000000000804037        0x2 build/default/production/mcc_generated_files/system/src/pins.o

.bss.IO_PD6_InterruptHandler
                0x0000000000804039        0x2
 .bss.IO_PD6_InterruptHandler
                0x0000000000804039        0x2 build/default/production/mcc_generated_files/system/src/pins.o

.bss.IO_PC0_InterruptHandler
                0x000000000080403b        0x2
 .bss.IO_PC0_InterruptHandler
                0x000000000080403b        0x2 build/default/production/mcc_generated_files/system/src/pins.o

.bss.IO_PC1_InterruptHandler
                0x000000000080403d        0x2
 .bss.IO_PC1_InterruptHandler
                0x000000000080403d        0x2 build/default/production/mcc_generated_files/system/src/pins.o

.bss.RTC_PIT_isr_cb
                0x000000000080403f        0x2
 .bss.RTC_PIT_isr_cb
                0x000000000080403f        0x2 build/default/production/mcc_generated_files/timer/src/rtc.o
                0x000000000080403f                RTC_PIT_isr_cb

.bss.RTC_CMP_isr_cb
                0x0000000000804041        0x2
 .bss.RTC_CMP_isr_cb
                0x0000000000804041        0x2 build/default/production/mcc_generated_files/timer/src/rtc.o
                0x0000000000804041                RTC_CMP_isr_cb

.bss.RTC_OVF_isr_cb
                0x0000000000804043        0x2
 .bss.RTC_OVF_isr_cb
                0x0000000000804043        0x2 build/default/production/mcc_generated_files/timer/src/rtc.o
                0x0000000000804043                RTC_OVF_isr_cb

.bss.USART1_ParityErrorHandler
                0x0000000000804045        0x2
 .bss.USART1_ParityErrorHandler
                0x0000000000804045        0x2 build/default/production/mcc_generated_files/uart/src/usart1.o
                0x0000000000804045                USART1_ParityErrorHandler

.bss.USART1_OverrunErrorHandler
                0x0000000000804047        0x2
 .bss.USART1_OverrunErrorHandler
                0x0000000000804047        0x2 build/default/production/mcc_generated_files/uart/src/usart1.o
                0x0000000000804047                USART1_OverrunErrorHandler

.bss.USART1_FramingErrorHandler
                0x0000000000804049        0x2
 .bss.USART1_FramingErrorHandler
                0x0000000000804049        0x2 build/default/production/mcc_generated_files/uart/src/usart1.o
                0x0000000000804049                USART1_FramingErrorHandler

.bss.usart1RxLastError
                0x000000000080404b        0x2
 .bss.usart1RxLastError
                0x000000000080404b        0x2 build/default/production/mcc_generated_files/uart/src/usart1.o

.bss.ADCSqrAvg  0x0000000000804023        0x4
 .bss.ADCSqrAvg
                0x0000000000804023        0x4 build/default/production/main.o
                0x0000000000804023                ADCSqrAvg

.bss.ADCSumSave
                0x0000000000804013        0x8
 .bss.ADCSumSave
                0x0000000000804013        0x8 build/default/production/main.o
                0x0000000000804013                ADCSumSave

.bss.ADCSqrSum  0x000000000080401b        0x8
 .bss.ADCSqrSum
                0x000000000080401b        0x8 build/default/production/main.o
                0x000000000080401b                ADCSqrSum

.bss.ADCSqr     0x0000000000804027        0x4
 .bss.ADCSqr    0x0000000000804027        0x4 build/default/production/main.o
                0x0000000000804027                ADCSqr

.bss.ADCRes     0x000000000080402b        0x4
 .bss.ADCRes    0x000000000080402b        0x4 build/default/production/main.o
                0x000000000080402b                ADCRes

.bss.VolRMS     0x000000000080402f        0x4
 .bss.VolRMS    0x000000000080402f        0x4 build/default/production/main.o
                0x000000000080402f                VolRMS

.bss.ADCSumReadyFlag
                0x0000000000804051        0x1
 .bss.ADCSumReadyFlag
                0x0000000000804051        0x1 build/default/production/main.o
                0x0000000000804051                ADCSumReadyFlag

.bss.SamplesCount
                0x0000000000804052        0x1
 .bss.SamplesCount
                0x0000000000804052        0x1 build/default/production/main.o
                0x0000000000804052                SamplesCount

.bss.__stdout   0x000000000080404f        0x2
 .bss.__stdout  0x000000000080404f        0x2 c:/program files/microchip/xc8/v2.41/avr/bin/../lib/gcc/avr/5.4.0/../../../../avr/lib/avrxmega4/memx-const\libc.a(stdout.o)

.progmemx.data  0x000000000000015e       0x19
 .progmemx.data
                0x000000000000015e       0x19 build/default/production/main.o

.progmemx.data.state_table
                0x0000000000000177       0x16
 .progmemx.data.state_table
                0x0000000000000177       0x16 c:/program files/microchip/xc8/v2.41/avr/bin/../lib/gcc/avr/5.4.0/../../../../avr/lib/avrxmega4/memx-const\libc.a(__printf_core.o)

.progmemx.data.nuls.2781
                0x000000000000018d        0x7
 .progmemx.data.nuls.2781
                0x000000000000018d        0x7 c:/program files/microchip/xc8/v2.41/avr/bin/../lib/gcc/avr/5.4.0/../../../../avr/lib/avrxmega4/memx-const\libc.a(__fmt_s.o)

.progmemx.data.nilstr.2962
                0x0000000000000194        0x6
 .progmemx.data.nilstr.2962
                0x0000000000000194        0x6 c:/program files/microchip/xc8/v2.41/avr/bin/../lib/gcc/avr/5.4.0/../../../../avr/lib/avrxmega4/memx-const\libc.a(__printf_core.o)

.text.vfpfcnvrt
                0x000000000000019a      0x4d2
 .text.vfpfcnvrt
                0x000000000000019a      0x4d2 c:/program files/microchip/xc8/v2.41/avr/bin/../lib/gcc/avr/5.4.0/../../../../avr/lib/avrxmega4/memx-const\libc.a(__printf_core.o)
                0x000000000000019a                vfpfcnvrt

.text.sqrtf     0x000000000000066c      0x22a
 .text.sqrtf    0x000000000000066c      0x22a c:/program files/microchip/xc8/v2.41/avr/bin/../lib/gcc/avr/5.4.0/../../../../avr/lib/avrxmega4/memx-const\libm.a(sqrtf.o)
                0x000000000000066c                sqrtl
                0x000000000000066c                sqrtf
                0x000000000000066c                sqrt

.text.__fmt_x   0x0000000000000896      0x1da
 .text.__fmt_x  0x0000000000000896      0x1da c:/program files/microchip/xc8/v2.41/avr/bin/../lib/gcc/avr/5.4.0/../../../../avr/lib/avrxmega4/memx-const\libc.a(__fmt_x.o)
                0x0000000000000896                __fmt_x_needed
                0x0000000000000896                __fmt_x

.text.PIN_MANAGER_Initialize
                0x0000000000000a70      0x128
 .text.PIN_MANAGER_Initialize
                0x0000000000000a70      0x128 build/default/production/mcc_generated_files/system/src/pins.o
                0x0000000000000a70                PIN_MANAGER_Initialize

.text.ADC_Handler
                0x0000000000000b98      0x112
 .text.ADC_Handler
                0x0000000000000b98      0x112 build/default/production/main.o
                0x0000000000000b98                ADC_Handler

.text.__fmt_d   0x0000000000000caa       0xe6
 .text.__fmt_d  0x0000000000000caa       0xe6 c:/program files/microchip/xc8/v2.41/avr/bin/../lib/gcc/avr/5.4.0/../../../../avr/lib/avrxmega4/memx-const\libc.a(__fmt_d.o)
                0x0000000000000caa                __fmt_d
                0x0000000000000caa                __fmt_d_needed

.text           0x0000000000000d90       0xde
 .text          0x0000000000000d90       0xde c:/program files/microchip/xc8/v2.41/avr/bin/../lib/gcc/avr/5.4.0/../../../../avr/lib/avrxmega4/memx-const\libm.a(divsf3x.o)
                0x0000000000000d90                __divsf3x
                0x0000000000000db8                __divsf3_pse

.text.__pop_int
                0x0000000000000e6e       0xda
 .text.__pop_int
                0x0000000000000e6e       0xda c:/program files/microchip/xc8/v2.41/avr/bin/../lib/gcc/avr/5.4.0/../../../../avr/lib/avrxmega4/memx-const\libc.a(__pop_int.o)
                0x0000000000000e6e                __pop_int_needed
                0x0000000000000e6e                __pop_int

.text           0x0000000000000f48       0xd4
 .text          0x0000000000000f48       0xd4 c:/program files/microchip/xc8/v2.41/avr/bin/../lib/gcc/avr/5.4.0/../../../../avr/lib/avrxmega4/memx-const\libm.a(mulsf3x.o)
                0x0000000000000f48                __mulsf3x
                0x0000000000000f6e                __mulsf3_pse

.text           0x000000000000101c       0xce
 .text          0x000000000000101c       0xce c:/program files/microchip/xc8/v2.41/avr/bin/../lib/gcc/avr/5.4.0/../../../../avr/lib/avrxmega4/memx-const\libm.a(addsf3x.o)
                0x000000000000101c                __addsf3x

.text.__cvt_u   0x00000000000010ea       0xca
 .text.__cvt_u  0x00000000000010ea       0xca c:/program files/microchip/xc8/v2.41/avr/bin/../lib/gcc/avr/5.4.0/../../../../avr/lib/avrxmega4/memx-const\libc.a(__fmt_u.o)
                0x00000000000010ea                __cvt_u

.text.__fmt_o   0x00000000000011b4       0xb4
 .text.__fmt_o  0x00000000000011b4       0xb4 c:/program files/microchip/xc8/v2.41/avr/bin/../lib/gcc/avr/5.4.0/../../../../avr/lib/avrxmega4/memx-const\libc.a(__fmt_o.o)
                0x00000000000011b4                __fmt_o
                0x00000000000011b4                __fmt_o_needed

.text.__fmt_state
                0x0000000000001268       0xa4
 .text.__fmt_state
                0x0000000000001268       0xa4 c:/program files/microchip/xc8/v2.41/avr/bin/../lib/gcc/avr/5.4.0/../../../../avr/lib/avrxmega4/memx-const\libc.a(__printf_core.o)
                0x0000000000001268                __fmt_state

.text.__pad     0x000000000000130c       0x96
 .text.__pad    0x000000000000130c       0x96 c:/program files/microchip/xc8/v2.41/avr/bin/../lib/gcc/avr/5.4.0/../../../../avr/lib/avrxmega4/memx-const\libc.a(__printf_core.o)
                0x000000000000130c                __pad

.text.__printf_core
                0x00000000000013a2       0x92
 .text.__printf_core
                0x00000000000013a2       0x92 c:/program files/microchip/xc8/v2.41/avr/bin/../lib/gcc/avr/5.4.0/../../../../avr/lib/avrxmega4/memx-const\libc.a(__printf_core.o)
                0x00000000000013a2                __printf_core

.text.fputc     0x0000000000001434       0x92
 .text.fputc    0x0000000000001434       0x92 c:/program files/microchip/xc8/v2.41/avr/bin/../lib/gcc/avr/5.4.0/../../../../avr/lib/avrxmega4/memx-const\libc.a(fputc.o)
                0x0000000000001434                fputc
                0x0000000000001434                putc

.text.__fmt_u   0x00000000000014c6       0x90
 .text.__fmt_u  0x00000000000014c6       0x90 c:/program files/microchip/xc8/v2.41/avr/bin/../lib/gcc/avr/5.4.0/../../../../avr/lib/avrxmega4/memx-const\libc.a(__fmt_u.o)
                0x00000000000014c6                __fmt_u_needed
                0x00000000000014c6                __fmt_u

.text.__vector_3
                0x0000000000001556       0x7e
 .text.__vector_3
                0x0000000000001556       0x7e build/default/production/mcc_generated_files/timer/src/rtc.o
                0x0000000000001556                __vector_3

.text.read_prec_or_width
                0x00000000000015d4       0x7e
 .text.read_prec_or_width
                0x00000000000015d4       0x7e c:/program files/microchip/xc8/v2.41/avr/bin/../lib/gcc/avr/5.4.0/../../../../avr/lib/avrxmega4/memx-const\libc.a(__printf_core.o)

.text           0x0000000000001652       0x7c
 .text          0x0000000000001652       0x7c c:/program files/microchip/xc8/v2.41/avr/bin/../lib/gcc/avr/5.4.0/../../../../avr/lib/avrxmega4/memx-const\libm.a(floatundisf.o)
                0x0000000000001652                __floatundisf
                0x0000000000001654                __fp_di2sf

.text.__fmt_s   0x00000000000016ce       0x7a
 .text.__fmt_s  0x00000000000016ce       0x7a c:/program files/microchip/xc8/v2.41/avr/bin/../lib/gcc/avr/5.4.0/../../../../avr/lib/avrxmega4/memx-const\libc.a(__fmt_s.o)
                0x00000000000016ce                __fmt_s
                0x00000000000016ce                __fmt_0_needed
                0x00000000000016ce                __fmt_s_needed

.text.fputs     0x0000000000001748       0x78
 .text.fputs    0x0000000000001748       0x78 c:/program files/microchip/xc8/v2.41/avr/bin/../lib/gcc/avr/5.4.0/../../../../avr/lib/avrxmega4/memx-const\libc.a(fputs.o)
                0x0000000000001748                fputs
                0x0000000000001748                fputs_unlocked

.text.CLOCK_Initialize
                0x00000000000017c0       0x6e
 .text.CLOCK_Initialize
                0x00000000000017c0       0x6e build/default/production/mcc_generated_files/system/src/clock.o
                0x00000000000017c0                CLOCK_Initialize

.text.__vector_29
                0x000000000000182e       0x6c
 .text.__vector_29
                0x000000000000182e       0x6c build/default/production/mcc_generated_files/system/src/pins.o
                0x000000000000182e                __vector_29

.text.__vector_22
                0x000000000000189a       0x6c
 .text.__vector_22
                0x000000000000189a       0x6c build/default/production/mcc_generated_files/system/src/pins.o
                0x000000000000189a                __vector_22

.text.main      0x0000000000001906       0x6c
 .text.main     0x0000000000001906       0x6c build/default/production/main.o
                0x0000000000001906                main

.text.__out     0x0000000000001972       0x6a
 .text.__out    0x0000000000001972       0x6a c:/program files/microchip/xc8/v2.41/avr/bin/../lib/gcc/avr/5.4.0/../../../../avr/lib/avrxmega4/memx-const\libc.a(__printf_core.o)
                0x0000000000001972                __out

.text.__vector_25
                0x00000000000019dc       0x60
 .text.__vector_25
                0x00000000000019dc       0x60 build/default/production/mcc_generated_files/adc/src/adc0.o
                0x00000000000019dc                __vector_25

.text.__vector_24
                0x0000000000001a3c       0x60
 .text.__vector_24
                0x0000000000001a3c       0x60 build/default/production/mcc_generated_files/adc/src/adc0.o
                0x0000000000001a3c                __vector_24

.text.__vector_4
                0x0000000000001a9c       0x60
 .text.__vector_4
                0x0000000000001a9c       0x60 build/default/production/mcc_generated_files/timer/src/rtc.o
                0x0000000000001a9c                __vector_4

.text.Calculate_RMS
                0x0000000000001afc       0x5e
 .text.Calculate_RMS
                0x0000000000001afc       0x5e build/default/production/main.o
                0x0000000000001afc                Calculate_RMS

.text           0x0000000000001b5a       0x5e
 .text          0x0000000000001b5a       0x5e c:/program files/microchip/xc8/v2.41/avr/bin/../lib/gcc/avr/5.4.0/../../../../avr/lib/avrxmega4/memx-const\libm.a(fixunssfsi.o)
                0x0000000000001b5a                __fixunssfsi

.text.USART1_Initialize
                0x0000000000001bb8       0x5c
 .text.USART1_Initialize
                0x0000000000001bb8       0x5c build/default/production/mcc_generated_files/uart/src/usart1.o
                0x0000000000001bb8                USART1_Initialize

.text           0x0000000000001c14       0x48
 .text          0x0000000000001c14       0x48 c:/program files/microchip/xc8/v2.41/avr/bin/../lib/gcc/avr/5.4.0/../../../../avr/lib/avrxmega4/memx-const\libm.a(fp_cmp.o)
                0x0000000000001c14                __fp_cmp

.text           0x0000000000001c5c       0x44
 .text          0x0000000000001c5c       0x44 c:/program files/microchip/xc8/v2.41/avr/bin/../lib/gcc/avr/5.4.0/../../../../avr/lib/avrxmega4/memx-const\libm.a(fp_split3.o)
                0x0000000000001c5c                __fp_split3
                0x0000000000001c6c                __fp_splitA

.text.libgcc.div
                0x0000000000001ca0       0x44
 .text.libgcc.div
                0x0000000000001ca0       0x44 c:/program files/microchip/xc8/v2.41/avr/bin/../lib/gcc/avr/5.4.0/avrxmega4/memx-const\libgcc.a(_udivmodsi4.o)
                0x0000000000001ca0                __udivmodsi4

.text.RTC_Initialize
                0x0000000000001ce4       0x40
 .text.RTC_Initialize
                0x0000000000001ce4       0x40 build/default/production/mcc_generated_files/timer/src/rtc.o
                0x0000000000001ce4                RTC_Initialize

.text.ADC0_Initialize
                0x0000000000001d24       0x34
 .text.ADC0_Initialize
                0x0000000000001d24       0x34 build/default/production/mcc_generated_files/adc/src/adc0.o
                0x0000000000001d24                ADC0_Initialize

.text.__wrap_printf
                0x0000000000001d58       0x32
 .text.__wrap_printf
                0x0000000000001d58       0x32 c:/program files/microchip/xc8/v2.41/avr/bin/../lib/gcc/avr/5.4.0/../../../../avr/lib/avrxmega4/memx-const\libc.a(__sio_printf_doux.o)
                0x0000000000001d58                _printf_cdopuxX

.text.libgcc.prologue
                0x0000000000001d8a       0x32
 .text.libgcc.prologue
                0x0000000000001d8a       0x32 c:/program files/microchip/xc8/v2.41/avr/bin/../lib/gcc/avr/5.4.0/avrxmega4/memx-const\libgcc.a(_prologue.o)
                0x0000000000001d8a                __prologue_saves__

.text.__vfprintf
                0x0000000000001dbc       0x30
 .text.__vfprintf
                0x0000000000001dbc       0x30 c:/program files/microchip/xc8/v2.41/avr/bin/../lib/gcc/avr/5.4.0/../../../../avr/lib/avrxmega4/memx-const\libc.a(__int_vfprintf.o)
                0x0000000000001dbc                __vfprintf

.text.libgcc.prologue
                0x0000000000001dec       0x30
 .text.libgcc.prologue
                0x0000000000001dec       0x30 c:/program files/microchip/xc8/v2.41/avr/bin/../lib/gcc/avr/5.4.0/avrxmega4/memx-const\libgcc.a(_epilogue.o)
                0x0000000000001dec                __epilogue_restores__

.text.strlen    0x0000000000001e1c       0x24
 .text.strlen   0x0000000000001e1c       0x24 c:/program files/microchip/xc8/v2.41/avr/bin/../lib/gcc/avr/5.4.0/../../../../avr/lib/avrxmega4/memx-const\libc.a(strlen.o)
                0x0000000000001e1c                strlen

.text           0x0000000000001e40       0x22
 .text          0x0000000000001e40       0x22 c:/program files/microchip/xc8/v2.41/avr/bin/../lib/gcc/avr/5.4.0/../../../../avr/lib/avrxmega4/memx-const\libm.a(fp_round.o)
                0x0000000000001e40                __fp_round

.text           0x0000000000001e62       0x20
 .text          0x0000000000001e62       0x20 c:/program files/microchip/xc8/v2.41/avr/bin/../lib/gcc/avr/5.4.0/../../../../avr/lib/avrxmega4/memx-const\libm.a(fp_negdi.o)
                0x0000000000001e62                __fp_negdi

.text.libgcc.mul
                0x0000000000001e82       0x20
 .text.libgcc.mul
                0x0000000000001e82       0x20 c:/program files/microchip/xc8/v2.41/avr/bin/../lib/gcc/avr/5.4.0/avrxmega4/memx-const\libgcc.a(_mulsi3.o)
                0x0000000000001e82                __mulsi3

.text.SYSTEM_Initialize
                0x0000000000001ea2       0x1e
 .text.SYSTEM_Initialize
                0x0000000000001ea2       0x1e build/default/production/mcc_generated_files/system/src/system.o
                0x0000000000001ea2                SYSTEM_Initialize

.text.libgcc.mul
                0x0000000000001ec0       0x1e
 .text.libgcc.mul
                0x0000000000001ec0       0x1e c:/program files/microchip/xc8/v2.41/avr/bin/../lib/gcc/avr/5.4.0/avrxmega4/memx-const\libgcc.a(_umulhisi3.o)
                0x0000000000001ec0                __umulhisi3

.text.CPUINT_Initialize
                0x0000000000001ede       0x1a
 .text.CPUINT_Initialize
                0x0000000000001ede       0x1a build/default/production/mcc_generated_files/system/src/interrupt.o
                0x0000000000001ede                CPUINT_Initialize

.text.USART1_printCHAR
                0x0000000000001ef8       0x18
 .text.USART1_printCHAR
                0x0000000000001ef8       0x18 build/default/production/mcc_generated_files/uart/src/usart1.o
                0x0000000000001ef8                USART1_printCHAR

.text.libgcc.mul
                0x0000000000001f10       0x16
 .text.libgcc.mul
                0x0000000000001f10       0x16 c:/program files/microchip/xc8/v2.41/avr/bin/../lib/gcc/avr/5.4.0/avrxmega4/memx-const\libgcc.a(_muluhisi3.o)
                0x0000000000001f10                __muluhisi3

.text.exit      0x0000000000001f26       0x16
 .text.exit     0x0000000000001f26       0x16 c:/program files/microchip/xc8/v2.41/avr/bin/../lib/gcc/avr/5.4.0/../../../../avr/lib/avrxmega4/memx-const\libc.a(exit.o)
                0x0000000000001f26                exit

.text.libgcc    0x0000000000001f3c       0x12
 .text.libgcc   0x0000000000001f3c       0x12 c:/program files/microchip/xc8/v2.41/avr/bin/../lib/gcc/avr/5.4.0/avrxmega4/memx-const\libgcc.a(_adddi3.o)
                0x0000000000001f3c                __adddi3

.text.puts      0x0000000000001f4e       0x12
 .text.puts     0x0000000000001f4e       0x12 c:/program files/microchip/xc8/v2.41/avr/bin/../lib/gcc/avr/5.4.0/../../../../avr/lib/avrxmega4/memx-const\libc.a(puts.o)
                0x0000000000001f4e                puts

.text.toupper   0x0000000000001f60       0x12
 .text.toupper  0x0000000000001f60       0x12 c:/program files/microchip/xc8/v2.41/avr/bin/../lib/gcc/avr/5.4.0/../../../../avr/lib/avrxmega4/memx-const\libc.a(toupper.o)
                0x0000000000001f60                toupper

.text.VREF_Initialize
                0x0000000000001f72       0x10
 .text.VREF_Initialize
                0x0000000000001f72       0x10 build/default/production/mcc_generated_files/vref/src/vref.o
                0x0000000000001f72                VREF_Initialize

.text.tolower   0x0000000000001f82       0x10
 .text.tolower  0x0000000000001f82       0x10 c:/program files/microchip/xc8/v2.41/avr/bin/../lib/gcc/avr/5.4.0/../../../../avr/lib/avrxmega4/memx-const\libc.a(tolower.o)
                0x0000000000001f82                tolower

.text.ADC0_StartDiffConversion
                0x0000000000001f92        0xe
 .text.ADC0_StartDiffConversion
                0x0000000000001f92        0xe build/default/production/mcc_generated_files/adc/src/adc0.o
                0x0000000000001f92                ADC0_StartDiffConversion

.text           0x0000000000001fa0        0xe
 .text          0x0000000000001fa0        0xe c:/program files/microchip/xc8/v2.41/avr/bin/../lib/gcc/avr/5.4.0/../../../../avr/lib/avrxmega4/memx-const\libm.a(fp_pscA.o)
                0x0000000000001fa0                __fp_pscA

.text           0x0000000000001fae        0xe
 .text          0x0000000000001fae        0xe c:/program files/microchip/xc8/v2.41/avr/bin/../lib/gcc/avr/5.4.0/../../../../avr/lib/avrxmega4/memx-const\libm.a(fp_pscB.o)
                0x0000000000001fae                __fp_pscB

.text           0x0000000000001fbc        0xe
 .text          0x0000000000001fbc        0xe c:/program files/microchip/xc8/v2.41/avr/bin/../lib/gcc/avr/5.4.0/../../../../avr/lib/avrxmega4/memx-const\libm.a(fp_zero.o)
                0x0000000000001fbc                __fp_zero
                0x0000000000001fbe                __fp_szero

.text           0x0000000000001fca        0xe
 .text          0x0000000000001fca        0xe c:/program files/microchip/xc8/v2.41/avr/bin/../lib/gcc/avr/5.4.0/../../../../avr/lib/avrxmega4/memx-const\libm.a(addsf3.o)
                0x0000000000001fca                __subsf3
                0x0000000000001fcc                __addsf3

.text.libgcc    0x0000000000001fd8        0xe
 .text.libgcc   0x0000000000001fd8        0xe c:/program files/microchip/xc8/v2.41/avr/bin/../lib/gcc/avr/5.4.0/avrxmega4/memx-const\libgcc.a(_xload_1.o)
                0x0000000000001fd8                __xload_1

.text.USART1_IsTxReady
                0x0000000000001fe6        0xc
 .text.USART1_IsTxReady
                0x0000000000001fe6        0xc build/default/production/mcc_generated_files/uart/src/usart1.o
                0x0000000000001fe6                USART1_IsTxReady

.text           0x0000000000001ff2        0xc
 .text          0x0000000000001ff2        0xc c:/program files/microchip/xc8/v2.41/avr/bin/../lib/gcc/avr/5.4.0/../../../../avr/lib/avrxmega4/memx-const\libm.a(floatdisf.o)
                0x0000000000001ff2                __floatdisf

.text           0x0000000000001ffe        0xc
 .text          0x0000000000001ffe        0xc c:/program files/microchip/xc8/v2.41/avr/bin/../lib/gcc/avr/5.4.0/../../../../avr/lib/avrxmega4/memx-const\libm.a(fp_inf.o)
                0x0000000000001ffe                __fp_inf

.text.ADC0_GetConversionResult
                0x000000000000200a        0xa
 .text.ADC0_GetConversionResult
                0x000000000000200a        0xa build/default/production/mcc_generated_files/adc/src/adc0.o
                0x000000000000200a                ADC0_GetConversionResult

.text.ADC0_RegisterResrdyCallback
                0x0000000000002014        0xa
 .text.ADC0_RegisterResrdyCallback
                0x0000000000002014        0xa build/default/production/mcc_generated_files/adc/src/adc0.o
                0x0000000000002014                ADC0_RegisterResrdyCallback

.text.protected_write_io
                0x000000000000201e        0xa
 .text.protected_write_io
                0x000000000000201e        0xa build/default/production/mcc_generated_files/system/src/protected_io.o
                0x000000000000201e                protected_write_io

.text.__vector_6
                0x0000000000002028        0xa
 .text.__vector_6
                0x0000000000002028        0xa build/default/production/mcc_generated_files/system/src/pins.o
                0x0000000000002028                __vector_6

.text.__vector_44
                0x0000000000002032        0xa
 .text.__vector_44
                0x0000000000002032        0xa build/default/production/mcc_generated_files/system/src/pins.o
                0x0000000000002032                __vector_44

.text.__vector_45
                0x000000000000203c        0xa
 .text.__vector_45
                0x000000000000203c        0xa build/default/production/mcc_generated_files/system/src/pins.o
                0x000000000000203c                __vector_45

.text.__vector_34
                0x0000000000002046        0xa
 .text.__vector_34
                0x0000000000002046        0xa build/default/production/mcc_generated_files/system/src/pins.o
                0x0000000000002046                __vector_34

.text.RTC_SetPITIsrCallback
                0x0000000000002050        0xa
 .text.RTC_SetPITIsrCallback
                0x0000000000002050        0xa build/default/production/mcc_generated_files/timer/src/rtc.o
                0x0000000000002050                RTC_SetPITIsrCallback

.text.PITInterrupt
                0x000000000000205a        0xa
 .text.PITInterrupt
                0x000000000000205a        0xa build/default/production/main.o
                0x000000000000205a                PITInterrupt

.text           0x0000000000002064        0xa
 .text          0x0000000000002064        0xa c:/program files/microchip/xc8/v2.41/avr/bin/../lib/gcc/avr/5.4.0/../../../../avr/lib/avrxmega4/memx-const\libm.a(gesf2.o)
                0x0000000000002064                __gesf2
                0x0000000000002064                __gtsf2

.text           0x000000000000206e        0x8
 .text          0x000000000000206e        0x8 c:/program files/microchip/xc8/v2.41/avr/bin/../lib/gcc/avr/5.4.0/../../../../avr/lib/avrxmega4/memx-const\libm.a(divsf3.o)
                0x000000000000206e                __divsf3

.text           0x0000000000002076        0x8
 .text          0x0000000000002076        0x8 c:/program files/microchip/xc8/v2.41/avr/bin/../lib/gcc/avr/5.4.0/../../../../avr/lib/avrxmega4/memx-const\libm.a(mulsf3.o)
                0x0000000000002076                __mulsf3

.text           0x000000000000207e        0x6
 .text          0x000000000000207e        0x6 c:/program files/microchip/xc8/v2.41/avr/bin/../lib/gcc/avr/5.4.0/../../../../avr/lib/avrxmega4/memx-const\libm.a(fp_nan.o)
                0x000000000000207e                __fp_nan

.text           0x0000000000002084        0x4
 .text          0x0000000000002084        0x4 C:/Users/I51005/.mchp_packs/Microchip/AVR-Dx_DFP/2.3.272/xc8/avr/lib/avrxmega4/memx-const/crtavr128da48.o
                0x0000000000002084                __vector_38
                0x0000000000002084                __vector_28
                0x0000000000002084                __vector_1
                0x0000000000002084                __vector_32
                0x0000000000002084                __vector_12
                0x0000000000002084                __vector_55
                0x0000000000002084                __vector_46
                0x0000000000002084                __bad_interrupt
                0x0000000000002084                __vector_31
                0x0000000000002084                __vector_35
                0x0000000000002084                __vector_39
                0x0000000000002084                __vector_23
                0x0000000000002084                __vector_30
                0x0000000000002084                __vector_11
                0x0000000000002084                __vector_54
                0x0000000000002084                __vector_13
                0x0000000000002084                __vector_17
                0x0000000000002084                __vector_19
                0x0000000000002084                __vector_56
                0x0000000000002084                __vector_7
                0x0000000000002084                __vector_49
                0x0000000000002084                __vector_41
                0x0000000000002084                __vector_43
                0x0000000000002084                __vector_27
                0x0000000000002084                __vector_5
                0x0000000000002084                __vector_33
                0x0000000000002084                __vector_47
                0x0000000000002084                __vector_52
                0x0000000000002084                __vector_37
                0x0000000000002084                __vector_51
                0x0000000000002084                __vector_9
                0x0000000000002084                __vector_2
                0x0000000000002084                __vector_21
                0x0000000000002084                __vector_15
                0x0000000000002084                __vector_36
                0x0000000000002084                __vector_40
                0x0000000000002084                __vector_8
                0x0000000000002084                __vector_26
                0x0000000000002084                __vector_48
                0x0000000000002084                __vector_14
                0x0000000000002084                __vector_57
                0x0000000000002084                __vector_53
                0x0000000000002084                __vector_10
                0x0000000000002084                __vector_50
                0x0000000000002084                __vector_16
                0x0000000000002084                __vector_18
                0x0000000000002084                __vector_20
                0x0000000000002084                __vector_42

.text._Exit     0x0000000000002088        0x4
 .text._Exit    0x0000000000002088        0x4 c:/program files/microchip/xc8/v2.41/avr/bin/../lib/gcc/avr/5.4.0/../../../../avr/lib/avrxmega4/memx-const\libc.a(_Exit.o)
                0x0000000000002088                _Exit

.text.IO_PC1_DefaultInterruptHandler
                0x000000000000208c        0x2
 .text.IO_PC1_DefaultInterruptHandler
                0x000000000000208c        0x2 build/default/production/mcc_generated_files/system/src/pins.o
                0x000000000000208c                IO_PC1_DefaultInterruptHandler

.text.IO_PC0_DefaultInterruptHandler
                0x000000000000208e        0x2
 .text.IO_PC0_DefaultInterruptHandler
                0x000000000000208e        0x2 build/default/production/mcc_generated_files/system/src/pins.o
                0x000000000000208e                IO_PC0_DefaultInterruptHandler

.text.IO_PD6_DefaultInterruptHandler
                0x0000000000002090        0x2
 .text.IO_PD6_DefaultInterruptHandler
                0x0000000000002090        0x2 build/default/production/mcc_generated_files/system/src/pins.o
                0x0000000000002090                IO_PD6_DefaultInterruptHandler

.text.IO_PD7_DefaultInterruptHandler
                0x0000000000002092        0x2
 .text.IO_PD7_DefaultInterruptHandler
                0x0000000000002092        0x2 build/default/production/mcc_generated_files/system/src/pins.o
                0x0000000000002092                IO_PD7_DefaultInterruptHandler

.text.USART1_DefaultFramingErrorCallback
                0x0000000000002094        0x2
 .text.USART1_DefaultFramingErrorCallback
                0x0000000000002094        0x2 build/default/production/mcc_generated_files/uart/src/usart1.o

.text.USART1_DefaultOverrunErrorCallback
                0x0000000000002096        0x2
 .text.USART1_DefaultOverrunErrorCallback
                0x0000000000002096        0x2 build/default/production/mcc_generated_files/uart/src/usart1.o

.text.USART1_DefaultParityErrorCallback
                0x0000000000002098        0x2
 .text.USART1_DefaultParityErrorCallback
                0x0000000000002098        0x2 build/default/production/mcc_generated_files/uart/src/usart1.o

.text.__dummy_fini
                0x000000000000209a        0x2
 .text.__dummy_fini
                0x000000000000209a        0x2 c:/program files/microchip/xc8/v2.41/avr/bin/../lib/gcc/avr/5.4.0/../../../../avr/lib/avrxmega4/memx-const\libc.a(exit.o)
                0x000000000000209a                _fini

.text.__dummy_funcs_on_exit
                0x000000000000209c        0x2
 .text.__dummy_funcs_on_exit
                0x000000000000209c        0x2 c:/program files/microchip/xc8/v2.41/avr/bin/../lib/gcc/avr/5.4.0/../../../../avr/lib/avrxmega4/memx-const\libc.a(exit.o)
                0x000000000000209c                __funcs_on_exit

.text.__dummy_simulator_exit
                0x000000000000209e        0x2
 .text.__dummy_simulator_exit
                0x000000000000209e        0x2 c:/program files/microchip/xc8/v2.41/avr/bin/../lib/gcc/avr/5.4.0/../../../../avr/lib/avrxmega4/memx-const\libc.a(exit.o)
                0x000000000000209e                __simulator_exit

.data.USART1_stream
                0x0000000000804002       0x11 load address 0x00000000000020a0
 .data.USART1_stream
                0x0000000000804002       0x11 build/default/production/mcc_generated_files/uart/src/usart1.o
                0x0000000000804002                USART1_stream

.data._stdout   0x000000000080404d        0x2 load address 0x00000000000020b1
 .data._stdout  0x000000000080404d        0x2 c:/program files/microchip/xc8/v2.41/avr/bin/../lib/gcc/avr/5.4.0/../../../../avr/lib/avrxmega4/memx-const\libc.a(stdout.o)
                0x000000000080404d                _stdout
