Archive member included to satisfy reference by file (symbol)

c:/program files/microchip/xc8/v2.32/avr/bin/../lib/gcc/avr/5.4.0/../../../../avr/lib/avrxmega4/memx-const\libm.a(divsf3.o)
                              build/default/production/main.o (__divsf3)
c:/program files/microchip/xc8/v2.32/avr/bin/../lib/gcc/avr/5.4.0/../../../../avr/lib/avrxmega4/memx-const\libm.a(divsf3x.o)
                              c:/program files/microchip/xc8/v2.32/avr/bin/../lib/gcc/avr/5.4.0/../../../../avr/lib/avrxmega4/memx-const\libm.a(divsf3.o) (__divsf3x)
c:/program files/microchip/xc8/v2.32/avr/bin/../lib/gcc/avr/5.4.0/../../../../avr/lib/avrxmega4/memx-const\libm.a(fixunssfsi.o)
                              build/default/production/main.o (__fixunssfsi)
c:/program files/microchip/xc8/v2.32/avr/bin/../lib/gcc/avr/5.4.0/../../../../avr/lib/avrxmega4/memx-const\libm.a(floatdisf.o)
                              build/default/production/main.o (__floatdisf)
c:/program files/microchip/xc8/v2.32/avr/bin/../lib/gcc/avr/5.4.0/../../../../avr/lib/avrxmega4/memx-const\libm.a(floatundisf.o)
                              c:/program files/microchip/xc8/v2.32/avr/bin/../lib/gcc/avr/5.4.0/../../../../avr/lib/avrxmega4/memx-const\libm.a(floatdisf.o) (__fp_di2sf)
c:/program files/microchip/xc8/v2.32/avr/bin/../lib/gcc/avr/5.4.0/../../../../avr/lib/avrxmega4/memx-const\libm.a(fp_inf.o)
                              c:/program files/microchip/xc8/v2.32/avr/bin/../lib/gcc/avr/5.4.0/../../../../avr/lib/avrxmega4/memx-const\libm.a(divsf3x.o) (__fp_inf)
c:/program files/microchip/xc8/v2.32/avr/bin/../lib/gcc/avr/5.4.0/../../../../avr/lib/avrxmega4/memx-const\libm.a(fp_nan.o)
                              c:/program files/microchip/xc8/v2.32/avr/bin/../lib/gcc/avr/5.4.0/../../../../avr/lib/avrxmega4/memx-const\libm.a(divsf3x.o) (__fp_nan)
c:/program files/microchip/xc8/v2.32/avr/bin/../lib/gcc/avr/5.4.0/../../../../avr/lib/avrxmega4/memx-const\libm.a(fp_negdi.o)
                              c:/program files/microchip/xc8/v2.32/avr/bin/../lib/gcc/avr/5.4.0/../../../../avr/lib/avrxmega4/memx-const\libm.a(floatdisf.o) (__fp_negdi)
c:/program files/microchip/xc8/v2.32/avr/bin/../lib/gcc/avr/5.4.0/../../../../avr/lib/avrxmega4/memx-const\libm.a(fp_pscA.o)
                              c:/program files/microchip/xc8/v2.32/avr/bin/../lib/gcc/avr/5.4.0/../../../../avr/lib/avrxmega4/memx-const\libm.a(divsf3x.o) (__fp_pscA)
c:/program files/microchip/xc8/v2.32/avr/bin/../lib/gcc/avr/5.4.0/../../../../avr/lib/avrxmega4/memx-const\libm.a(fp_pscB.o)
                              c:/program files/microchip/xc8/v2.32/avr/bin/../lib/gcc/avr/5.4.0/../../../../avr/lib/avrxmega4/memx-const\libm.a(divsf3x.o) (__fp_pscB)
c:/program files/microchip/xc8/v2.32/avr/bin/../lib/gcc/avr/5.4.0/../../../../avr/lib/avrxmega4/memx-const\libm.a(fp_round.o)
                              c:/program files/microchip/xc8/v2.32/avr/bin/../lib/gcc/avr/5.4.0/../../../../avr/lib/avrxmega4/memx-const\libm.a(divsf3.o) (__fp_round)
c:/program files/microchip/xc8/v2.32/avr/bin/../lib/gcc/avr/5.4.0/../../../../avr/lib/avrxmega4/memx-const\libm.a(fp_split3.o)
                              c:/program files/microchip/xc8/v2.32/avr/bin/../lib/gcc/avr/5.4.0/../../../../avr/lib/avrxmega4/memx-const\libm.a(divsf3x.o) (__fp_split3)
c:/program files/microchip/xc8/v2.32/avr/bin/../lib/gcc/avr/5.4.0/../../../../avr/lib/avrxmega4/memx-const\libm.a(fp_zero.o)
                              c:/program files/microchip/xc8/v2.32/avr/bin/../lib/gcc/avr/5.4.0/../../../../avr/lib/avrxmega4/memx-const\libm.a(fixunssfsi.o) (__fp_zero)
c:/program files/microchip/xc8/v2.32/avr/bin/../lib/gcc/avr/5.4.0/../../../../avr/lib/avrxmega4/memx-const\libm.a(mulsf3.o)
                              build/default/production/main.o (__mulsf3)
c:/program files/microchip/xc8/v2.32/avr/bin/../lib/gcc/avr/5.4.0/../../../../avr/lib/avrxmega4/memx-const\libm.a(mulsf3x.o)
                              c:/program files/microchip/xc8/v2.32/avr/bin/../lib/gcc/avr/5.4.0/../../../../avr/lib/avrxmega4/memx-const\libm.a(mulsf3.o) (__mulsf3x)
c:/program files/microchip/xc8/v2.32/avr/bin/../lib/gcc/avr/5.4.0/../../../../avr/lib/avrxmega4/memx-const\libm.a(sqrt.o)
                              build/default/production/main.o (sqrt)
c:/program files/microchip/xc8/v2.32/avr/bin/../lib/gcc/avr/5.4.0/../../../../avr/lib/avrxmega4/memx-const\libm.a(fp_mpack.o)
                              c:/program files/microchip/xc8/v2.32/avr/bin/../lib/gcc/avr/5.4.0/../../../../avr/lib/avrxmega4/memx-const\libm.a(sqrt.o) (__fp_mpack)
c:/program files/microchip/xc8/v2.32/avr/bin/../lib/gcc/avr/5.4.0/../../../../avr/lib/avrxmega4/memx-const\libm.a(fp_norm2.o)
                              c:/program files/microchip/xc8/v2.32/avr/bin/../lib/gcc/avr/5.4.0/../../../../avr/lib/avrxmega4/memx-const\libm.a(sqrt.o) (__fp_norm2)
c:/program files/microchip/xc8/v2.32/avr/bin/../lib/gcc/avr/5.4.0/avrxmega4/memx-const\libgcc.a(_mulsi3.o)
[...]
Memory Configuration

Name             Origin             Length             Attributes
text             0x0000000000000000 0x0000000000020000 xr
data             0x0000000000804000 0x0000000000004000 rw !x
eeprom           0x0000000000810000 0x0000000000000200 rw !x
fuse             0x0000000000820000 0x0000000000000010 rw !x
lock             0x0000000000830000 0x0000000000000400 rw !x
signature        0x0000000000840000 0x0000000000000400 rw !x
user_signatures  0x0000000000850000 0x0000000000000400 rw !x
*default*        0x0000000000000000 0xffffffffffffffff

Linker script and memory map

Address of section .data set to 0x804000
                0x0000000000008000                __RODATA_PM_OFFSET__ = 0x8000
LOAD C:/Program Files/Microchip/MPLABX/v5.45/packs/Microchip/AVR-Dx_DFP/1.6.88/xc8/avr/lib/avrxmega4/memx-const/crtavr128da48.o
                0x0000000000000001                __MPLAB_BUILD = 0x1
LOAD build/default/production/mcc_generated_files/adc/src/adc0.o
LOAD build/default/production/mcc_generated_files/rtc/src/rtc.o
LOAD build/default/production/mcc_generated_files/system/src/system.o
LOAD build/default/production/mcc_generated_files/system/src/pins.o
LOAD build/default/production/mcc_generated_files/system/src/protected_io.o
LOAD build/default/production/mcc_generated_files/system/src/config_bits.o
LOAD build/default/production/mcc_generated_files/system/src/interrupt.o
LOAD build/default/production/mcc_generated_files/system/src/clock.o
LOAD build/default/production/mcc_generated_files/uart/src/usart1.o
LOAD build/default/production/mcc_generated_files/vref/src/vref.o
LOAD build/default/production/main.o
START GROUP
LOAD c:/program files/microchip/xc8/v2.32/avr/bin/../lib/gcc/avr/5.4.0/../../../../avr/lib/avrxmega4/memx-const\libm.a
END GROUP
START GROUP
LOAD c:/program files/microchip/xc8/v2.32/avr/bin/../lib/gcc/avr/5.4.0/avrxmega4/memx-const\libgcc.a
LOAD c:/program files/microchip/xc8/v2.32/avr/bin/../lib/gcc/avr/5.4.0/../../../../avr/lib/avrxmega4/memx-const\libm.a
LOAD c:/program files/microchip/xc8/v2.32/avr/bin/../lib/gcc/avr/5.4.0/../../../../avr/lib/avrxmega4/memx-const\libc.a
LOAD C:/Program Files/Microchip/MPLABX/v5.45/packs/Microchip/AVR-Dx_DFP/1.6.88/xc8/avr/lib/avrxmega4/memx-const\libavr128da48.a
END GROUP
                [0x0000000000000000]                __TEXT_REGION_ORIGIN__ = DEFINED (__TEXT_REGION_ORIGIN__)?__TEXT_REGION_ORIGIN__:0x0
                [0x0000000000804000]                __DATA_REGION_ORIGIN__ = DEFINED (__DATA_REGION_ORIGIN__)?__DATA_REGION_ORIGIN__:0x802000
                [0x0000000000020000]                __TEXT_REGION_LENGTH__ = DEFINED (__TEXT_REGION_LENGTH__)?__TEXT_REGION_LENGTH__:0x100000
                [0x0000000000004000]                __DATA_REGION_LENGTH__ = DEFINED (__DATA_REGION_LENGTH__)?__DATA_REGION_LENGTH__:0xffa0
                [0x0000000000000200]                __EEPROM_REGION_LENGTH__ = DEFINED (__EEPROM_REGION_LENGTH__)?__EEPROM_REGION_LENGTH__:0x10000
                [0x0000000000000010]                __FUSE_REGION_LENGTH__ = DEFINED (__FUSE_REGION_LENGTH__)?__FUSE_REGION_LENGTH__:0x400
                0x0000000000000400                __LOCK_REGION_LENGTH__ = DEFINED (__LOCK_REGION_LENGTH__)?__LOCK_REGION_LENGTH__:0x400
                0x0000000000000400                __SIGNATURE_REGION_LENGTH__ = DEFINED (__SIGNATURE_REGION_LENGTH__)?__SIGNATURE_REGION_LENGTH__:0x400
                0x0000000000000400                __USER_SIGNATURE_REGION_LENGTH__ = DEFINED (__USER_SIGNATURE_REGION_LENGTH__)?__USER_SIGNATURE_REGION_LENGTH__:0x400

.hash
 *(.hash)

.dynsym
 *(.dynsym)

.dynstr
 *(.dynstr)

.gnu.version
 *(.gnu.version)

.gnu.version_d
 *(.gnu.version_d)

.gnu.version_r
 *(.gnu.version_r)

.rel.init
 *(.rel.init)

.rela.init
 *(.rela.init)

.rel.text
 *(.rel.text)
 *(.rel.text.*)
 *(.rel.gnu.linkonce.t*)

.rela.text
 *(.rela.text)
 *(.rela.text.*)
 *(.rela.gnu.linkonce.t*)

.rel.fini
 *(.rel.fini)

.rela.fini
 *(.rela.fini)

.rel.rodata
 *(.rel.rodata)
 *(.rel.rodata.*)
 *(.rel.gnu.linkonce.r*)

.rela.rodata
 *(.rela.rodata)
 *(.rela.rodata.*)
 *(.rela.gnu.linkonce.r*)

.rel.data
 *(.rel.data)
 *(.rel.data.*)
 *(.rel.gnu.linkonce.d*)

.rela.data
 *(.rela.data)
 *(.rela.data.*)
 *(.rela.gnu.linkonce.d*)

.rel.ctors
 *(.rel.ctors)

.rela.ctors
 *(.rela.ctors)

.rel.dtors
 *(.rel.dtors)

.rela.dtors
 *(.rela.dtors)

.rel.got
 *(.rel.got)

.rela.got
 *(.rela.got)

.rel.bss
 *(.rel.bss)

.rela.bss
 *(.rela.bss)

.rel.plt
 *(.rel.plt)

.rela.plt
 *(.rela.plt)

.text           0x0000000000000000      0x152
 *(.vectors)
 .vectors       0x0000000000000000       0xe8 C:/Program Files/Microchip/MPLABX/v5.45/packs/Microchip/AVR-Dx_DFP/1.6.88/xc8/avr/lib/avrxmega4/memx-const/crtavr128da48.o
                0x0000000000000000                __vector_default
                0x0000000000000000                __vectors
 *(.vectors)
 *(.progmem.gcc*)
 *(.dinit)
 .dinit         0x00000000000000e8       0x11 data_init
                0x00000000000000fa                . = ALIGN (0x2)
 *fill*         0x00000000000000f9        0x1 
                0x00000000000000fa                __trampolines_start = .
 *(.trampolines)
 .trampolines   0x00000000000000fa        0x0 linker stubs
 *(.trampolines*)
                0x00000000000000fa                __trampolines_end = .
 *libprintf_flt.a:*(.progmem.data)
 *libc.a:*(.progmem.data)
                0x00000000000000fa                . = ALIGN (0x2)
 *(.jumptables)
 *(.jumptables*)
 *(.lowtext)
 *(.lowtext*)
                0x00000000000000fa                __ctors_start = .
 *(.ctors)
                0x00000000000000fa                __ctors_end = .
                0x00000000000000fa                __dtors_start = .
 *(.dtors)
                0x00000000000000fa                __dtors_end = .
 SORT(*)(.ctors)
 SORT(*)(.dtors)
 *(.init0)
 .init0         0x00000000000000fa        0x0 C:/Program Files/Microchip/MPLABX/v5.45/packs/Microchip/AVR-Dx_DFP/1.6.88/xc8/avr/lib/avrxmega4/memx-const/crtavr128da48.o
                0x00000000000000fa                __init
 *(.init0)
 *(.init1)
 *(.init1)
 *(.init2)
 .init2         0x00000000000000fa        0xc C:/Program Files/Microchip/MPLABX/v5.45/packs/Microchip/AVR-Dx_DFP/1.6.88/xc8/avr/lib/avrxmega4/memx-const/crtavr128da48.o
 *(.init2)
 *(.init3)
 *(.init3)
 *(.init4)
 .init4         0x0000000000000106       0x40 c:/program files/microchip/xc8/v2.32/avr/bin/../lib/gcc/avr/5.4.0/avrxmega4/memx-const\libgcc.a(_copy_data.o)
                0x0000000000000106                __do_copy_data
                0x0000000000000138                __do_clear_bss
 *(.init4)
 *(.init5)
 *(.init5)
 *(.init6)
 *(.init6)
 *(.init7)
 *(.init7)
 *(.init8)
 *(.init8)
 *(.init9)
 .init9         0x0000000000000146        0x8 C:/Program Files/Microchip/MPLABX/v5.45/packs/Microchip/AVR-Dx_DFP/1.6.88/xc8/avr/lib/avrxmega4/memx-const/crtavr128da48.o
 *(.init9)
                0x000000000000014e                . = ALIGN (0x2)
 *(.fini9)
 .fini9         0x000000000000014e        0x0 c:/program files/microchip/xc8/v2.32/avr/bin/../lib/gcc/avr/5.4.0/avrxmega4/memx-const\libgcc.a(_exit.o)
                0x000000000000014e                _exit
                0x000000000000014e                exit
 *(.fini9)
 *(.fini8)
 *(.fini8)
 *(.fini7)
 *(.fini7)
 *(.fini6)
 *(.fini6)
 *(.fini5)
 *(.fini5)
 *(.fini4)
 *(.fini4)
 *(.fini3)
 *(.fini3)
 *(.fini2)
 *(.fini2)
 *(.fini1)
 *(.fini1)
 *(.fini0)
 .fini0         0x000000000000014e        0x4 c:/program files/microchip/xc8/v2.32/avr/bin/../lib/gcc/avr/5.4.0/avrxmega4/memx-const\libgcc.a(_exit.o)
 *(.fini0)
                0x0000000000000152                _etext = .

.data           0x0000000000804000        0x0 load address 0x0000000000000152
                [!provide]                        PROVIDE (__data_start, .)
 *(.gnu.linkonce.d*)
 *(.gnu.linkonce.r*)
                0x0000000000804000                . = ALIGN (0x2)
                0x0000000000804000                _edata = .
                [!provide]                        PROVIDE (__data_end, .)

.bss            0x0000000000804000       0x22
                [!provide]                        PROVIDE (__bss_start, .)
 *(COMMON)
 COMMON         0x0000000000804000       0x1c build/default/production/main.o
                0x0000000000804000                ADCSqrAvg
                0x0000000000804004                ADCSumSave
                0x000000000080400c                ADCSqr
                0x0000000000804010                ADCRes
                0x0000000000804014                ADCSqrSum
 COMMON         0x000000000080401c        0x6 c:/program files/microchip/xc8/v2.32/avr/bin/../lib/gcc/avr/5.4.0/../../../../avr/lib/avrxmega4/memx-const\libc.a(iob.o)
                0x000000000080401c                __iob
                [!provide]                        PROVIDE (__bss_end, .)
                0x0000000000000152                __data_load_start = LOADADDR (.data)
                0x0000000000000152                __data_load_end = (__data_load_start + SIZEOF (.data))

.noinit         0x0000000000804022        0x0
                [!provide]                        PROVIDE (__noinit_start, .)
 *(.noinit*)
                [!provide]                        PROVIDE (__noinit_end, .)
                0x0000000000804022                _end = .

.eeprom         0x0000000000810000        0x0
 *(.eeprom*)
                0x0000000000810000                __eeprom_end = .

.fuse           0x0000000000820000        0x9
 *(.fuse)
 .fuse          0x0000000000820000        0x9 build/default/production/mcc_generated_files/system/src/config_bits.o
                0x0000000000820000                __fuse
 *(.lfuse)
 *(.hfuse)
 *(.efuse)

.lock
 *(.lock*)

.signature
 *(.signature*)

.user_signatures
 *(.user_signatures*)

.stab
 *(.stab)

.stabstr
 *(.stabstr)

.stab.excl
 *(.stab.excl)

.stab.exclstr
 *(.stab.exclstr)

.stab.index
 *(.stab.index)

.stab.indexstr
 *(.stab.indexstr)

.comment        0x0000000000000000       0x5b
 *(.comment)
 .comment       0x0000000000000000       0x2f build/default/production/mcc_generated_files/adc/src/adc0.o
                                         0x30 (size before relaxing)
 .comment       0x000000000000002f       0x30 build/default/production/mcc_generated_files/rtc/src/rtc.o
 .comment       0x000000000000002f       0x30 build/default/production/mcc_generated_files/system/src/system.o
 .comment       0x000000000000002f       0x30 build/default/production/mcc_generated_files/system/src/pins.o
 .comment       0x000000000000002f       0x30 build/default/production/mcc_generated_files/system/src/config_bits.o
 .comment       0x000000000000002f       0x30 build/default/production/mcc_generated_files/system/src/interrupt.o
 .comment       0x000000000000002f       0x30 build/default/production/mcc_generated_files/system/src/clock.o
 .comment       0x000000000000002f       0x30 build/default/production/mcc_generated_files/uart/src/usart1.o
 .comment       0x000000000000002f       0x30 build/default/production/mcc_generated_files/vref/src/vref.o
 .comment       0x000000000000002f       0x30 build/default/production/main.o
 .comment       0x000000000000002f       0x2c c:/program files/microchip/xc8/v2.32/avr/bin/../lib/gcc/avr/5.4.0/../../../../avr/lib/avrxmega4/memx-const\libc.a(iob.o)
                                         0x2d (size before relaxing)
 .comment       0x000000000000005b       0x2d c:/program files/microchip/xc8/v2.32/avr/bin/../lib/gcc/avr/5.4.0/../../../../avr/lib/avrxmega4/memx-const\libc.a(printf.o)
 .comment       0x000000000000005b       0x2d c:/program files/microchip/xc8/v2.32/avr/bin/../lib/gcc/avr/5.4.0/../../../../avr/lib/avrxmega4/memx-const\libc.a(puts.o)
 .comment       0x000000000000005b       0x2d c:/program files/microchip/xc8/v2.32/avr/bin/../lib/gcc/avr/5.4.0/../../../../avr/lib/avrxmega4/memx-const\libc.a(vfprintf_std.o)
 .comment       0x000000000000005b       0x2d c:/program files/microchip/xc8/v2.32/avr/bin/../lib/gcc/avr/5.4.0/../../../../avr/lib/avrxmega4/memx-const\libc.a(strnlen_M.o)
 .comment       0x000000000000005b       0x2d c:/program files/microchip/xc8/v2.32/avr/bin/../lib/gcc/avr/5.4.0/../../../../avr/lib/avrxmega4/memx-const\libc.a(fputc.o)

.stack.descriptors.hdr
                0x0000000000000000      0x1b2
 .stack.descriptors.hdr
                0x0000000000000000        0xe c:/program files/microchip/xc8/v2.32/avr/bin/../lib/gcc/avr/5.4.0/../../../../avr/lib/avrxmega4/memx-const\libm.a(divsf3.o)
 .stack.descriptors.hdr
                0x000000000000000e        0xe c:/program files/microchip/xc8/v2.32/avr/bin/../lib/gcc/avr/5.4.0/../../../../avr/lib/avrxmega4/memx-const\libm.a(divsf3x.o)
 .stack.descriptors.hdr
                0x000000000000001c        0xe c:/program files/microchip/xc8/v2.32/avr/bin/../lib/gcc/avr/5.4.0/../../../../avr/lib/avrxmega4/memx-const\libm.a(fixunssfsi.o)
 .stack.descriptors.hdr
                0x000000000000002a        0xe c:/program files/microchip/xc8/v2.32/avr/bin/../lib/gcc/avr/5.4.0/../../../../avr/lib/avrxmega4/memx-const\libm.a(floatdisf.o)
 .stack.descriptors.hdr
                0x0000000000000038        0xe c:/program files/microchip/xc8/v2.32/avr/bin/../lib/gcc/avr/5.4.0/../../../../avr/lib/avrxmega4/memx-const\libm.a(floatundisf.o)
 .stack.descriptors.hdr
                0x0000000000000046        0xe c:/program files/microchip/xc8/v2.32/avr/bin/../lib/gcc/avr/5.4.0/../../../../avr/lib/avrxmega4/memx-const\libm.a(fp_inf.o)
 .stack.descriptors.hdr
                0x0000000000000054        0xe c:/program files/microchip/xc8/v2.32/avr/bin/../lib/gcc/avr/5.4.0/../../../../avr/lib/avrxmega4/memx-const\libm.a(fp_nan.o)
 .stack.descriptors.hdr
                0x0000000000000062        0xe c:/program files/microchip/xc8/v2.32/avr/bin/../lib/gcc/avr/5.4.0/../../../../avr/lib/avrxmega4/memx-const\libm.a(fp_negdi.o)
 .stack.descriptors.hdr
                0x0000000000000070        0xe c:/program files/microchip/xc8/v2.32/avr/bin/../lib/gcc/avr/5.4.0/../../../../avr/lib/avrxmega4/memx-const\libm.a(fp_pscA.o)
 .stack.descriptors.hdr
                0x000000000000007e        0xe c:/program files/microchip/xc8/v2.32/avr/bin/../lib/gcc/avr/5.4.0/../../../../avr/lib/avrxmega4/memx-const\libm.a(fp_pscB.o)
 .stack.descriptors.hdr
                0x000000000000008c        0xe c:/program files/microchip/xc8/v2.32/avr/bin/../lib/gcc/avr/5.4.0/../../../../avr/lib/avrxmega4/memx-const\libm.a(fp_round.o)
 .stack.descriptors.hdr
                0x000000000000009a        0xe c:/program files/microchip/xc8/v2.32/avr/bin/../lib/gcc/avr/5.4.0/../../../../avr/lib/avrxmega4/memx-const\libm.a(fp_split3.o)
 .stack.descriptors.hdr
                0x00000000000000a8        0xe c:/program files/microchip/xc8/v2.32/avr/bin/../lib/gcc/avr/5.4.0/../../../../avr/lib/avrxmega4/memx-const\libm.a(fp_zero.o)
 .stack.descriptors.hdr
                0x00000000000000b6        0xe c:/program files/microchip/xc8/v2.32/avr/bin/../lib/gcc/avr/5.4.0/../../../../avr/lib/avrxmega4/memx-const\libm.a(mulsf3.o)
 .stack.descriptors.hdr
                0x00000000000000c4        0xe c:/program files/microchip/xc8/v2.32/avr/bin/../lib/gcc/avr/5.4.0/../../../../avr/lib/avrxmega4/memx-const\libm.a(mulsf3x.o)
 .stack.descriptors.hdr
                0x00000000000000d2        0xe c:/program files/microchip/xc8/v2.32/avr/bin/../lib/gcc/avr/5.4.0/../../../../avr/lib/avrxmega4/memx-const\libm.a(sqrt.o)
 .stack.descriptors.hdr
                0x00000000000000e0        0xe c:/program files/microchip/xc8/v2.32/avr/bin/../lib/gcc/avr/5.4.0/../../../../avr/lib/avrxmega4/memx-const\libm.a(fp_mpack.o)
 .stack.descriptors.hdr
                0x00000000000000ee        0xe c:/program files/microchip/xc8/v2.32/avr/bin/../lib/gcc/avr/5.4.0/../../../../avr/lib/avrxmega4/memx-const\libm.a(fp_norm2.o)
 .stack.descriptors.hdr
                0x00000000000000fc        0xe c:/program files/microchip/xc8/v2.32/avr/bin/../lib/gcc/avr/5.4.0/avrxmega4/memx-const\libgcc.a(_mulsi3.o)
 .stack.descriptors.hdr
                0x000000000000010a        0xe c:/program files/microchip/xc8/v2.32/avr/bin/../lib/gcc/avr/5.4.0/avrxmega4/memx-const\libgcc.a(_exit.o)
 .stack.descriptors.hdr
                0x0000000000000118        0xe c:/program files/microchip/xc8/v2.32/avr/bin/../lib/gcc/avr/5.4.0/avrxmega4/memx-const\libgcc.a(_muluhisi3.o)
 .stack.descriptors.hdr
                0x0000000000000126        0xe c:/program files/microchip/xc8/v2.32/avr/bin/../lib/gcc/avr/5.4.0/avrxmega4/memx-const\libgcc.a(_adddi3.o)
 .stack.descriptors.hdr
                0x0000000000000134        0xe c:/program files/microchip/xc8/v2.32/avr/bin/../lib/gcc/avr/5.4.0/avrxmega4/memx-const\libgcc.a(_umulhisi3.o)
 .stack.descriptors.hdr
                0x0000000000000142        0xe c:/program files/microchip/xc8/v2.32/avr/bin/../lib/gcc/avr/5.4.0/../../../../avr/lib/avrxmega4/memx-const\libc.a(iob.o)
 .stack.descriptors.hdr
                0x0000000000000150        0xe c:/program files/microchip/xc8/v2.32/avr/bin/../lib/gcc/avr/5.4.0/../../../../avr/lib/avrxmega4/memx-const\libc.a(printf.o)
 .stack.descriptors.hdr
                0x000000000000015e        0xe c:/program files/microchip/xc8/v2.32/avr/bin/../lib/gcc/avr/5.4.0/../../../../avr/lib/avrxmega4/memx-const\libc.a(puts.o)
 .stack.descriptors.hdr
                0x000000000000016c        0xe c:/program files/microchip/xc8/v2.32/avr/bin/../lib/gcc/avr/5.4.0/../../../../avr/lib/avrxmega4/memx-const\libc.a(vfprintf_std.o)
 .stack.descriptors.hdr
                0x000000000000017a        0xe c:/program files/microchip/xc8/v2.32/avr/bin/../lib/gcc/avr/5.4.0/../../../../avr/lib/avrxmega4/memx-const\libc.a(strnlen_M.o)
 .stack.descriptors.hdr
                0x0000000000000188        0xe c:/program files/microchip/xc8/v2.32/avr/bin/../lib/gcc/avr/5.4.0/../../../../avr/lib/avrxmega4/memx-const\libc.a(fputc.o)
 .stack.descriptors.hdr
                0x0000000000000196        0xe c:/program files/microchip/xc8/v2.32/avr/bin/../lib/gcc/avr/5.4.0/../../../../avr/lib/avrxmega4/memx-const\libc.a(ultoa_invert.o)
 .stack.descriptors.hdr
                0x00000000000001a4        0xe c:/program files/microchip/xc8/v2.32/avr/bin/../lib/gcc/avr/5.4.0/avrxmega4/memx-const\libgcc.a(_xload_1.o)

.note.gnu.build-id
 *(.note.gnu.build-id)

.debug
 *(.debug)

.line
 *(.line)

.debug_srcinfo
 *(.debug_srcinfo)

.debug_sfnames
 *(.debug_sfnames)

.debug_aranges  0x0000000000000000      0x3b8
 *(.debug_aranges)
 .debug_aranges
                0x0000000000000000       0xc0 build/default/production/mcc_generated_files/adc/src/adc0.o
 .debug_aranges
                0x00000000000000c0       0xa8 build/default/production/mcc_generated_files/rtc/src/rtc.o
 .debug_aranges
                0x0000000000000168       0x20 build/default/production/mcc_generated_files/system/src/system.o
 .debug_aranges
                0x0000000000000188       0x98 build/default/production/mcc_generated_files/system/src/pins.o
 .debug_aranges
                0x0000000000000220       0x20 build/default/production/mcc_generated_files/system/src/protected_io.o
 .debug_aranges
                0x0000000000000240       0x18 build/default/production/mcc_generated_files/system/src/config_bits.o
 .debug_aranges
                0x0000000000000258       0x28 build/default/production/mcc_generated_files/system/src/interrupt.o
 .debug_aranges
                0x0000000000000280       0x28 build/default/production/mcc_generated_files/system/src/clock.o
 .debug_aranges
                0x00000000000002a8       0xb8 build/default/production/mcc_generated_files/uart/src/usart1.o
 .debug_aranges
                0x0000000000000360       0x20 build/default/production/mcc_generated_files/vref/src/vref.o
 .debug_aranges
                0x0000000000000380       0x38 build/default/production/main.o

.debug_pubnames
 *(.debug_pubnames)

.debug_info     0x0000000000000000     0x72e4
 *(.debug_info .gnu.linkonce.wi.*)
 .debug_info    0x0000000000000000     0x2c24 C:/Program Files/Microchip/MPLABX/v5.45/packs/Microchip/AVR-Dx_DFP/1.6.88/xc8/avr/lib/avrxmega4/memx-const/crtavr128da48.o
 .debug_info    0x0000000000002c24      0xda5 build/default/production/mcc_generated_files/adc/src/adc0.o
 .debug_info    0x00000000000039c9      0x885 build/default/production/mcc_generated_files/rtc/src/rtc.o
 .debug_info    0x000000000000424e      0x29f build/default/production/mcc_generated_files/system/src/system.o
 .debug_info    0x00000000000044ed      0x9bc build/default/production/mcc_generated_files/system/src/pins.o
 .debug_info    0x0000000000004ea9       0x98 build/default/production/mcc_generated_files/system/src/protected_io.o
 .debug_info    0x0000000000004f41      0x855 build/default/production/mcc_generated_files/system/src/config_bits.o
 .debug_info    0x0000000000005796      0x3a8 build/default/production/mcc_generated_files/system/src/interrupt.o
 .debug_info    0x0000000000005b3e      0x4c0 build/default/production/mcc_generated_files/system/src/clock.o
 .debug_info    0x0000000000005ffe      0xb46 build/default/production/mcc_generated_files/uart/src/usart1.o
 .debug_info    0x0000000000006b44      0x359 build/default/production/mcc_generated_files/vref/src/vref.o
 .debug_info    0x0000000000006e9d      0x447 build/default/production/main.o

.debug_abbrev   0x0000000000000000     0x33cf
 *(.debug_abbrev)
 .debug_abbrev  0x0000000000000000     0x29ce C:/Program Files/Microchip/MPLABX/v5.45/packs/Microchip/AVR-Dx_DFP/1.6.88/xc8/avr/lib/avrxmega4/memx-const/crtavr128da48.o
 .debug_abbrev  0x00000000000029ce      0x1bc build/default/production/mcc_generated_files/adc/src/adc0.o
 .debug_abbrev  0x0000000000002b8a      0x14c build/default/production/mcc_generated_files/rtc/src/rtc.o
 .debug_abbrev  0x0000000000002cd6       0x39 build/default/production/mcc_generated_files/system/src/system.o
 .debug_abbrev  0x0000000000002d0f      0x13b build/default/production/mcc_generated_files/system/src/pins.o
 .debug_abbrev  0x0000000000002e4a       0x14 build/default/production/mcc_generated_files/system/src/protected_io.o
 .debug_abbrev  0x0000000000002e5e       0x97 build/default/production/mcc_generated_files/system/src/config_bits.o
 .debug_abbrev  0x0000000000002ef5       0xc0 build/default/production/mcc_generated_files/system/src/interrupt.o
 .debug_abbrev  0x0000000000002fb5       0xd2 build/default/production/mcc_generated_files/system/src/clock.o
 .debug_abbrev  0x0000000000003087      0x21a build/default/production/mcc_generated_files/uart/src/usart1.o
 .debug_abbrev  0x00000000000032a1       0x8c build/default/production/mcc_generated_files/vref/src/vref.o
 .debug_abbrev  0x000000000000332d       0xa2 build/default/production/main.o

.debug_line     0x0000000000000000     0x1bc6
 *(.debug_line .debug_line.* .debug_line_end)
 .debug_line    0x0000000000000000      0x1f6 C:/Program Files/Microchip/MPLABX/v5.45/packs/Microchip/AVR-Dx_DFP/1.6.88/xc8/avr/lib/avrxmega4/memx-const/crtavr128da48.o
 .debug_line    0x00000000000001f6      0x476 build/default/production/mcc_generated_files/adc/src/adc0.o
 .debug_line    0x000000000000066c      0x3d9 build/default/production/mcc_generated_files/rtc/src/rtc.o
 .debug_line    0x0000000000000a45       0x85 build/default/production/mcc_generated_files/system/src/system.o
 .debug_line    0x0000000000000aca      0x60b build/default/production/mcc_generated_files/system/src/pins.o
 .debug_line    0x00000000000010d5       0x73 build/default/production/mcc_generated_files/system/src/protected_io.o
 .debug_line    0x0000000000001148       0xfb build/default/production/mcc_generated_files/system/src/config_bits.o
 .debug_line    0x0000000000001243      0x177 build/default/production/mcc_generated_files/system/src/interrupt.o
 .debug_line    0x00000000000013ba      0x18b build/default/production/mcc_generated_files/system/src/clock.o
 .debug_line    0x0000000000001545      0x416 build/default/production/mcc_generated_files/uart/src/usart1.o
 .debug_line    0x000000000000195b      0x120 build/default/production/mcc_generated_files/vref/src/vref.o
 .debug_line    0x0000000000001a7b      0x14b build/default/production/main.o

.debug_frame    0x0000000000000000      0xde4
 *(.debug_frame)
 .debug_frame   0x0000000000000000      0x33c build/default/production/mcc_generated_files/adc/src/adc0.o
 .debug_frame   0x000000000000033c      0x2dc build/default/production/mcc_generated_files/rtc/src/rtc.o
 .debug_frame   0x0000000000000618       0x34 build/default/production/mcc_generated_files/system/src/system.o
 .debug_frame   0x000000000000064c      0x31c build/default/production/mcc_generated_files/system/src/pins.o
 .debug_frame   0x0000000000000968       0x54 build/default/production/mcc_generated_files/system/src/interrupt.o
 .debug_frame   0x00000000000009bc       0x54 build/default/production/mcc_generated_files/system/src/clock.o
 .debug_frame   0x0000000000000a10      0x294 build/default/production/mcc_generated_files/uart/src/usart1.o
 .debug_frame   0x0000000000000ca4       0x34 build/default/production/mcc_generated_files/vref/src/vref.o
 .debug_frame   0x0000000000000cd8      0x10c build/default/production/main.o

.debug_str      0x0000000000000000     0x136f
 *(.debug_str)
 .debug_str     0x0000000000000000     0x1320 C:/Program Files/Microchip/MPLABX/v5.45/packs/Microchip/AVR-Dx_DFP/1.6.88/xc8/avr/lib/avrxmega4/memx-const/crtavr128da48.o
 .debug_str     0x0000000000001320       0x11 build/default/production/mcc_generated_files/adc/src/adc0.o
 .debug_str     0x0000000000001331        0x9 build/default/production/mcc_generated_files/rtc/src/rtc.o
 .debug_str     0x000000000000133a        0x0 build/default/production/mcc_generated_files/system/src/system.o
 .debug_str     0x000000000000133a       0x25 build/default/production/mcc_generated_files/system/src/pins.o
 .debug_str     0x000000000000135f        0x0 build/default/production/mcc_generated_files/system/src/config_bits.o
 .debug_str     0x000000000000135f        0x0 build/default/production/mcc_generated_files/system/src/interrupt.o
 .debug_str     0x000000000000135f        0x0 build/default/production/mcc_generated_files/system/src/clock.o
 .debug_str     0x000000000000135f       0x10 build/default/production/mcc_generated_files/uart/src/usart1.o
 .debug_str     0x000000000000136f        0x0 build/default/production/mcc_generated_files/vref/src/vref.o
 .debug_str     0x000000000000136f        0x0 build/default/production/main.o

.debug_loc
 *(.debug_loc)

.debug_macinfo
 *(.debug_macinfo)

.debug_weaknames
 *(.debug_weaknames)

.debug_funcnames
 *(.debug_funcnames)

.debug_typenames
 *(.debug_typenames)

.debug_varnames
 *(.debug_varnames)

.debug_pubtypes
 *(.debug_pubtypes)

.debug_ranges   0x0000000000000000      0x2f0
 *(.debug_ranges)
 .debug_ranges  0x0000000000000000       0xb0 build/default/production/mcc_generated_files/adc/src/adc0.o
 .debug_ranges  0x00000000000000b0       0x98 build/default/production/mcc_generated_files/rtc/src/rtc.o
 .debug_ranges  0x0000000000000148       0x10 build/default/production/mcc_generated_files/system/src/system.o
 .debug_ranges  0x0000000000000158       0x88 build/default/production/mcc_generated_files/system/src/pins.o
 .debug_ranges  0x00000000000001e0       0x18 build/default/production/mcc_generated_files/system/src/interrupt.o
 .debug_ranges  0x00000000000001f8       0x18 build/default/production/mcc_generated_files/system/src/clock.o
 .debug_ranges  0x0000000000000210       0xa8 build/default/production/mcc_generated_files/uart/src/usart1.o
 .debug_ranges  0x00000000000002b8       0x10 build/default/production/mcc_generated_files/vref/src/vref.o
 .debug_ranges  0x00000000000002c8       0x28 build/default/production/main.o

.debug_macro
 *(.debug_macro)
OUTPUT(dist/default/production/avr128da48-adc-ac-voltage-measurement-mplab.X.production.elf elf32-avr)
LOAD linker stubs
LOAD data_init

.note.gnu.avr.deviceinfo
                0x0000000000000000       0x40
 .note.gnu.avr.deviceinfo
                0x0000000000000000       0x40 C:/Program Files/Microchip/MPLABX/v5.45/packs/Microchip/AVR-Dx_DFP/1.6.88/xc8/avr/lib/avrxmega4/memx-const/crtavr128da48.o

.bss.ADC0_window_cb
                0x0000000000804035        0x2
 .bss.ADC0_window_cb
                0x0000000000804035        0x2 build/default/production/mcc_generated_files/adc/src/adc0.o
                0x0000000000804035                ADC0_window_cb

.bss.RTC_OVF_isr_cb
                0x0000000000804037        0x2
 .bss.RTC_OVF_isr_cb
                0x0000000000804037        0x2 build/default/production/mcc_generated_files/rtc/src/rtc.o
                0x0000000000804037                RTC_OVF_isr_cb

.bss.RTC_CMP_isr_cb
                0x0000000000804039        0x2
 .bss.RTC_CMP_isr_cb
                0x0000000000804039        0x2 build/default/production/mcc_generated_files/rtc/src/rtc.o
                0x0000000000804039                RTC_CMP_isr_cb

.bss.RTC_PIT_isr_cb
                0x000000000080403b        0x2
 .bss.RTC_PIT_isr_cb
                0x000000000080403b        0x2 build/default/production/mcc_generated_files/rtc/src/rtc.o
                0x000000000080403b                RTC_PIT_isr_cb

.bss.PD6_InterruptHandler
                0x000000000080403d        0x2
 .bss.PD6_InterruptHandler
                0x000000000080403d        0x2 build/default/production/mcc_generated_files/system/src/pins.o

.bss.PD7_InterruptHandler
                0x000000000080403f        0x2
 .bss.PD7_InterruptHandler
                0x000000000080403f        0x2 build/default/production/mcc_generated_files/system/src/pins.o

.bss.PC1_InterruptHandler
                0x0000000000804041        0x2
 .bss.PC1_InterruptHandler
                0x0000000000804041        0x2 build/default/production/mcc_generated_files/system/src/pins.o

.bss.PC0_InterruptHandler
                0x0000000000804043        0x2
 .bss.PC0_InterruptHandler
                0x0000000000804043        0x2 build/default/production/mcc_generated_files/system/src/pins.o

.bss.SamplesCount
                0x0000000000804045        0x1
 .bss.SamplesCount
                0x0000000000804045        0x1 build/default/production/main.o
                0x0000000000804045                SamplesCount

.bss.ADCSumReadyFlag
                0x0000000000804046        0x1
 .bss.ADCSumReadyFlag
                0x0000000000804046        0x1 build/default/production/main.o
                0x0000000000804046                ADCSumReadyFlag

.bss.VolRMS     0x0000000000804031        0x4
 .bss.VolRMS    0x0000000000804031        0x4 build/default/production/main.o
                0x0000000000804031                VolRMS

.progmemx.data  0x0000000000000152       0x19
 .progmemx.data
                0x0000000000000152       0x19 build/default/production/main.o

.text.avrlibc   0x000000000000016c      0x444
 .text.avrlibc  0x000000000000016c      0x444 c:/program files/microchip/xc8/v2.32/avr/bin/../lib/gcc/avr/5.4.0/../../../../avr/lib/avrxmega4/memx-const\libc.a(vfprintf_std.o)
                0x000000000000016c                vfprintf

.text.PIN_MANAGER_Initialize
                0x00000000000005b0      0x32e
 .text.PIN_MANAGER_Initialize
                0x00000000000005b0      0x32e build/default/production/mcc_generated_files/system/src/pins.o
                0x00000000000005b0                PIN_MANAGER_Initialize

.text.ADC_Handler
                0x00000000000008de      0x1cc
 .text.ADC_Handler
                0x00000000000008de      0x1cc build/default/production/main.o
                0x00000000000008de                ADC_Handler

.text.PORT_Initialize
                0x0000000000000aaa      0x130
 .text.PORT_Initialize
                0x0000000000000aaa      0x130 build/default/production/mcc_generated_files/system/src/pins.o
                0x0000000000000aaa                PORT_Initialize

.text.Calculate_RMS
                0x0000000000000bda      0x104
 .text.Calculate_RMS
                0x0000000000000bda      0x104 build/default/production/main.o
                0x0000000000000bda                Calculate_RMS

.text.avrlibc.fplib
                0x0000000000000cde       0xde
 .text.avrlibc.fplib
                0x0000000000000cde       0xde c:/program files/microchip/xc8/v2.32/avr/bin/../lib/gcc/avr/5.4.0/../../../../avr/lib/avrxmega4/memx-const\libm.a(divsf3x.o)
                0x0000000000000cde                __divsf3x
                0x0000000000000d06                __divsf3_pse

.text.avrlibc.fplib
                0x0000000000000dbc       0xd4
 .text.avrlibc.fplib
                0x0000000000000dbc       0xd4 c:/program files/microchip/xc8/v2.32/avr/bin/../lib/gcc/avr/5.4.0/../../../../avr/lib/avrxmega4/memx-const\libm.a(mulsf3x.o)
                0x0000000000000dbc                __mulsf3x
                0x0000000000000de2                __mulsf3_pse

.text.__vector_3
                0x0000000000000e90       0xc4
 .text.__vector_3
                0x0000000000000e90       0xc4 build/default/production/mcc_generated_files/rtc/src/rtc.o
                0x0000000000000e90                __vector_3

.text.avrlibc   0x0000000000000f54       0xbc
 .text.avrlibc  0x0000000000000f54       0xbc c:/program files/microchip/xc8/v2.32/avr/bin/../lib/gcc/avr/5.4.0/../../../../avr/lib/avrxmega4/memx-const\libc.a(ultoa_invert.o)
                0x0000000000000f54                __ultoa_invert

.text.__vector_29
                0x0000000000001010       0xac
 .text.__vector_29
                0x0000000000001010       0xac build/default/production/mcc_generated_files/system/src/pins.o
                0x0000000000001010                __vector_29

.text.__vector_22
                0x00000000000010bc       0xa4
 .text.__vector_22
                0x00000000000010bc       0xa4 build/default/production/mcc_generated_files/system/src/pins.o
                0x00000000000010bc                __vector_22

.text.main      0x0000000000001160       0x98
 .text.main     0x0000000000001160       0x98 build/default/production/main.o
                0x0000000000001160                main

.text.avrlibc   0x00000000000011f8       0x92
 .text.avrlibc  0x00000000000011f8       0x92 c:/program files/microchip/xc8/v2.32/avr/bin/../lib/gcc/avr/5.4.0/../../../../avr/lib/avrxmega4/memx-const\libc.a(puts.o)
                0x00000000000011f8                puts

.text.avrlibc.fplib
                0x000000000000128a       0x8e
 .text.avrlibc.fplib
                0x000000000000128a       0x8e c:/program files/microchip/xc8/v2.32/avr/bin/../lib/gcc/avr/5.4.0/../../../../avr/lib/avrxmega4/memx-const\libm.a(sqrt.o)
                0x000000000000128a                sqrtf
                0x000000000000128a                sqrt

.text.ADC0_Initialize
                0x0000000000001318       0x84
 .text.ADC0_Initialize
                0x0000000000001318       0x84 build/default/production/mcc_generated_files/adc/src/adc0.o
                0x0000000000001318                ADC0_Initialize

.text.__vector_25
                0x000000000000139c       0x84
 .text.__vector_25
                0x000000000000139c       0x84 build/default/production/mcc_generated_files/adc/src/adc0.o
                0x000000000000139c                __vector_25

.text.__vector_4
                0x0000000000001420       0x84
 .text.__vector_4
                0x0000000000001420       0x84 build/default/production/mcc_generated_files/rtc/src/rtc.o
                0x0000000000001420                __vector_4

.text.RTC_Initialize
                0x00000000000014a4       0x82
 .text.RTC_Initialize
                0x00000000000014a4       0x82 build/default/production/mcc_generated_files/rtc/src/rtc.o
                0x00000000000014a4                RTC_Initialize

.text.avrlibc.fplib
                0x0000000000001526       0x7c
 .text.avrlibc.fplib
                0x0000000000001526       0x7c c:/program files/microchip/xc8/v2.32/avr/bin/../lib/gcc/avr/5.4.0/../../../../avr/lib/avrxmega4/memx-const\libm.a(floatundisf.o)
                0x0000000000001526                __floatundisf
                0x0000000000001528                __fp_di2sf

.text.avrlibc   0x00000000000015a2       0x78
 .text.avrlibc  0x00000000000015a2       0x78 c:/program files/microchip/xc8/v2.32/avr/bin/../lib/gcc/avr/5.4.0/../../../../avr/lib/avrxmega4/memx-const\libc.a(fputc.o)
                0x00000000000015a2                fputc

.text.__vector_24
                0x000000000000161a       0x70
 .text.__vector_24
                0x000000000000161a       0x70 build/default/production/mcc_generated_files/adc/src/adc0.o
                0x000000000000161a                __vector_24

.text.CLOCK_Initialize
                0x000000000000168a       0x6a
 .text.CLOCK_Initialize
                0x000000000000168a       0x6a build/default/production/mcc_generated_files/system/src/clock.o
                0x000000000000168a                CLOCK_Initialize

.text.USART1_Initialize
                0x00000000000016f4       0x66
 .text.USART1_Initialize
                0x00000000000016f4       0x66 build/default/production/mcc_generated_files/uart/src/usart1.o
                0x00000000000016f4                USART1_Initialize

.text.avrlibc.fplib
                0x000000000000175a       0x5e
 .text.avrlibc.fplib
                0x000000000000175a       0x5e c:/program files/microchip/xc8/v2.32/avr/bin/../lib/gcc/avr/5.4.0/../../../../avr/lib/avrxmega4/memx-const\libm.a(fixunssfsi.o)
                0x000000000000175a                __fixunssfsi

.text.__vector_6
                0x00000000000017b8       0x50
 .text.__vector_6
                0x00000000000017b8       0x50 build/default/production/mcc_generated_files/system/src/pins.o
                0x00000000000017b8                __vector_6

.text.__vector_44
                0x0000000000001808       0x50
 .text.__vector_44
                0x0000000000001808       0x50 build/default/production/mcc_generated_files/system/src/pins.o
                0x0000000000001808                __vector_44

.text.__vector_45
                0x0000000000001858       0x50
 .text.__vector_45
                0x0000000000001858       0x50 build/default/production/mcc_generated_files/system/src/pins.o
                0x0000000000001858                __vector_45

.text.__vector_34
                0x00000000000018a8       0x50
 .text.__vector_34
                0x00000000000018a8       0x50 build/default/production/mcc_generated_files/system/src/pins.o
                0x00000000000018a8                __vector_34

.text.ADC0_StartDiffConversion
                0x00000000000018f8       0x4a
 .text.ADC0_StartDiffConversion
                0x00000000000018f8       0x4a build/default/production/mcc_generated_files/adc/src/adc0.o
                0x00000000000018f8                ADC0_StartDiffConversion

.text.avrlibc.fplib
                0x0000000000001942       0x44
 .text.avrlibc.fplib
                0x0000000000001942       0x44 c:/program files/microchip/xc8/v2.32/avr/bin/../lib/gcc/avr/5.4.0/../../../../avr/lib/avrxmega4/memx-const\libm.a(fp_split3.o)
                0x0000000000001942                __fp_split3
                0x0000000000001952                __fp_splitA

.text.USART1_printCHAR
                0x0000000000001986       0x38
 .text.USART1_printCHAR
                0x0000000000001986       0x38 build/default/production/mcc_generated_files/uart/src/usart1.o
                0x0000000000001986                USART1_printCHAR

.text.avrlibc   0x00000000000019be       0x38
 .text.avrlibc  0x00000000000019be       0x38 c:/program files/microchip/xc8/v2.32/avr/bin/../lib/gcc/avr/5.4.0/../../../../avr/lib/avrxmega4/memx-const\libc.a(strnlen_M.o)
                0x00000000000019be                strnlen

.text.SYSTEM_Initialize
                0x00000000000019f6       0x2c
 .text.SYSTEM_Initialize
                0x00000000000019f6       0x2c build/default/production/mcc_generated_files/system/src/system.o
                0x00000000000019f6                SYSTEM_Initialize

.text.ccp_write_io
                0x0000000000001a22       0x2c
 .text.ccp_write_io
                0x0000000000001a22       0x2c build/default/production/mcc_generated_files/system/src/interrupt.o

.text.CPUINT_Initialize
                0x0000000000001a4e       0x2c
 .text.CPUINT_Initialize
                0x0000000000001a4e       0x2c build/default/production/mcc_generated_files/system/src/interrupt.o
                0x0000000000001a4e                CPUINT_Initialize

.text.ccp_write_io
                0x0000000000001a7a       0x2c
 .text.ccp_write_io
                0x0000000000001a7a       0x2c build/default/production/mcc_generated_files/system/src/clock.o

.text.VREF_Initialize
                0x0000000000001aa6       0x2a
 .text.VREF_Initialize
                0x0000000000001aa6       0x2a build/default/production/mcc_generated_files/vref/src/vref.o
                0x0000000000001aa6                VREF_Initialize

.text.avrlibc   0x0000000000001ad0       0x2a
 .text.avrlibc  0x0000000000001ad0       0x2a c:/program files/microchip/xc8/v2.32/avr/bin/../lib/gcc/avr/5.4.0/../../../../avr/lib/avrxmega4/memx-const\libc.a(printf.o)
                0x0000000000001ad0                printf

.text.USART1_IsTxReady
                0x0000000000001afa       0x28
 .text.USART1_IsTxReady
                0x0000000000001afa       0x28 build/default/production/mcc_generated_files/uart/src/usart1.o
                0x0000000000001afa                USART1_IsTxReady

.text.RTC_SetPITIsrCallback
                0x0000000000001b22       0x26
 .text.RTC_SetPITIsrCallback
                0x0000000000001b22       0x26 build/default/production/mcc_generated_files/rtc/src/rtc.o
                0x0000000000001b22                RTC_SetPITIsrCallback

.text.PD6_SetInterruptHandler
                0x0000000000001b48       0x26
 .text.PD6_SetInterruptHandler
                0x0000000000001b48       0x26 build/default/production/mcc_generated_files/system/src/pins.o
                0x0000000000001b48                PD6_SetInterruptHandler

.text.PD7_SetInterruptHandler
                0x0000000000001b6e       0x26
 .text.PD7_SetInterruptHandler
                0x0000000000001b6e       0x26 build/default/production/mcc_generated_files/system/src/pins.o
                0x0000000000001b6e                PD7_SetInterruptHandler

.text.PC1_SetInterruptHandler
                0x0000000000001b94       0x26
 .text.PC1_SetInterruptHandler
                0x0000000000001b94       0x26 build/default/production/mcc_generated_files/system/src/pins.o
                0x0000000000001b94                PC1_SetInterruptHandler

.text.PC0_SetInterruptHandler
                0x0000000000001bba       0x26
 .text.PC0_SetInterruptHandler
                0x0000000000001bba       0x26 build/default/production/mcc_generated_files/system/src/pins.o
                0x0000000000001bba                PC0_SetInterruptHandler

.text.avrlibc.fplib
                0x0000000000001be0       0x22
 .text.avrlibc.fplib
                0x0000000000001be0       0x22 c:/program files/microchip/xc8/v2.32/avr/bin/../lib/gcc/avr/5.4.0/../../../../avr/lib/avrxmega4/memx-const\libm.a(fp_round.o)
                0x0000000000001be0                __fp_round

.text.USART1_Write
                0x0000000000001c02       0x20
 .text.USART1_Write
                0x0000000000001c02       0x20 build/default/production/mcc_generated_files/uart/src/usart1.o
                0x0000000000001c02                USART1_Write

.text.avrlibc.fplib
                0x0000000000001c22       0x20
 .text.avrlibc.fplib
                0x0000000000001c22       0x20 c:/program files/microchip/xc8/v2.32/avr/bin/../lib/gcc/avr/5.4.0/../../../../avr/lib/avrxmega4/memx-const\libm.a(fp_negdi.o)
                0x0000000000001c22                __fp_negdi

.text.libgcc.mul
                0x0000000000001c42       0x20
 .text.libgcc.mul
                0x0000000000001c42       0x20 c:/program files/microchip/xc8/v2.32/avr/bin/../lib/gcc/avr/5.4.0/avrxmega4/memx-const\libgcc.a(_mulsi3.o)
                0x0000000000001c42                __mulsi3

.text.libgcc.mul
                0x0000000000001c62       0x1e
 .text.libgcc.mul
                0x0000000000001c62       0x1e c:/program files/microchip/xc8/v2.32/avr/bin/../lib/gcc/avr/5.4.0/avrxmega4/memx-const\libgcc.a(_umulhisi3.o)
                0x0000000000001c62                __umulhisi3

.text.avrlibc.fplib
                0x0000000000001c80       0x1c
 .text.avrlibc.fplib
                0x0000000000001c80       0x1c c:/program files/microchip/xc8/v2.32/avr/bin/../lib/gcc/avr/5.4.0/../../../../avr/lib/avrxmega4/memx-const\libm.a(fp_mpack.o)
                0x0000000000001c80                __fp_mpack
                0x0000000000001c84                __fp_mpack_finite

.text.ADC0_GetConversionResult
                0x0000000000001c9c       0x18
 .text.ADC0_GetConversionResult
                0x0000000000001c9c       0x18 build/default/production/mcc_generated_files/adc/src/adc0.o
                0x0000000000001c9c                ADC0_GetConversionResult

.text.PITInterrupt
                0x0000000000001cb4       0x18
 .text.PITInterrupt
                0x0000000000001cb4       0x18 build/default/production/main.o
                0x0000000000001cb4                PITInterrupt

.text.libgcc.mul
                0x0000000000001ccc       0x16
 .text.libgcc.mul
                0x0000000000001ccc       0x16 c:/program files/microchip/xc8/v2.32/avr/bin/../lib/gcc/avr/5.4.0/avrxmega4/memx-const\libgcc.a(_muluhisi3.o)
                0x0000000000001ccc                __muluhisi3

.text.libgcc    0x0000000000001ce2       0x12
 .text.libgcc   0x0000000000001ce2       0x12 c:/program files/microchip/xc8/v2.32/avr/bin/../lib/gcc/avr/5.4.0/avrxmega4/memx-const\libgcc.a(_adddi3.o)
                0x0000000000001ce2                __adddi3

.text.PD6_DefaultInterruptHandler
                0x0000000000001cf4       0x10
 .text.PD6_DefaultInterruptHandler
                0x0000000000001cf4       0x10 build/default/production/mcc_generated_files/system/src/pins.o
                0x0000000000001cf4                PD6_DefaultInterruptHandler

.text.PD7_DefaultInterruptHandler
                0x0000000000001d04       0x10
 .text.PD7_DefaultInterruptHandler
                0x0000000000001d04       0x10 build/default/production/mcc_generated_files/system/src/pins.o
                0x0000000000001d04                PD7_DefaultInterruptHandler

.text.PC1_DefaultInterruptHandler
                0x0000000000001d14       0x10
 .text.PC1_DefaultInterruptHandler
                0x0000000000001d14       0x10 build/default/production/mcc_generated_files/system/src/pins.o
                0x0000000000001d14                PC1_DefaultInterruptHandler

.text.PC0_DefaultInterruptHandler
                0x0000000000001d24       0x10
 .text.PC0_DefaultInterruptHandler
                0x0000000000001d24       0x10 build/default/production/mcc_generated_files/system/src/pins.o
                0x0000000000001d24                PC0_DefaultInterruptHandler

.text.avrlibc.fplib
                0x0000000000001d34        0xe
 .text.avrlibc.fplib
                0x0000000000001d34        0xe c:/program files/microchip/xc8/v2.32/avr/bin/../lib/gcc/avr/5.4.0/../../../../avr/lib/avrxmega4/memx-const\libm.a(fp_pscA.o)
                0x0000000000001d34                __fp_pscA

.text.avrlibc.fplib
                0x0000000000001d42        0xe
 .text.avrlibc.fplib
                0x0000000000001d42        0xe c:/program files/microchip/xc8/v2.32/avr/bin/../lib/gcc/avr/5.4.0/../../../../avr/lib/avrxmega4/memx-const\libm.a(fp_pscB.o)
                0x0000000000001d42                __fp_pscB

.text.avrlibc.fplib
                0x0000000000001d50        0xe
 .text.avrlibc.fplib
                0x0000000000001d50        0xe c:/program files/microchip/xc8/v2.32/avr/bin/../lib/gcc/avr/5.4.0/../../../../avr/lib/avrxmega4/memx-const\libm.a(fp_zero.o)
                0x0000000000001d50                __fp_zero
                0x0000000000001d52                __fp_szero

.text.avrlibc.fplib
                0x0000000000001d5e        0xe
 .text.avrlibc.fplib
                0x0000000000001d5e        0xe c:/program files/microchip/xc8/v2.32/avr/bin/../lib/gcc/avr/5.4.0/../../../../avr/lib/avrxmega4/memx-const\libm.a(fp_norm2.o)
                0x0000000000001d5e                __fp_norm2

.text.libgcc    0x0000000000001d6c        0xe
 .text.libgcc   0x0000000000001d6c        0xe c:/program files/microchip/xc8/v2.32/avr/bin/../lib/gcc/avr/5.4.0/avrxmega4/memx-const\libgcc.a(_xload_1.o)
                0x0000000000001d6c                __xload_1

.text.avrlibc.fplib
                0x0000000000001d7a        0xc
 .text.avrlibc.fplib
                0x0000000000001d7a        0xc c:/program files/microchip/xc8/v2.32/avr/bin/../lib/gcc/avr/5.4.0/../../../../avr/lib/avrxmega4/memx-const\libm.a(floatdisf.o)
                0x0000000000001d7a                __floatdisf

.text.avrlibc.fplib
                0x0000000000001d86        0xc
 .text.avrlibc.fplib
                0x0000000000001d86        0xc c:/program files/microchip/xc8/v2.32/avr/bin/../lib/gcc/avr/5.4.0/../../../../avr/lib/avrxmega4/memx-const\libm.a(fp_inf.o)
                0x0000000000001d86                __fp_inf

.text.protected_write_io
                0x0000000000001d92        0xa
 .text.protected_write_io
                0x0000000000001d92        0xa build/default/production/mcc_generated_files/system/src/protected_io.o
                0x0000000000001d92                protected_write_io

.text.avrlibc.fplib
                0x0000000000001d9c        0x8
 .text.avrlibc.fplib
                0x0000000000001d9c        0x8 c:/program files/microchip/xc8/v2.32/avr/bin/../lib/gcc/avr/5.4.0/../../../../avr/lib/avrxmega4/memx-const\libm.a(divsf3.o)
                0x0000000000001d9c                __divsf3

.text.avrlibc.fplib
                0x0000000000001da4        0x8
 .text.avrlibc.fplib
                0x0000000000001da4        0x8 c:/program files/microchip/xc8/v2.32/avr/bin/../lib/gcc/avr/5.4.0/../../../../avr/lib/avrxmega4/memx-const\libm.a(mulsf3.o)
                0x0000000000001da4                __mulsf3

.text.avrlibc.fplib
                0x0000000000001dac        0x6
 .text.avrlibc.fplib
                0x0000000000001dac        0x6 c:/program files/microchip/xc8/v2.32/avr/bin/../lib/gcc/avr/5.4.0/../../../../avr/lib/avrxmega4/memx-const\libm.a(fp_nan.o)
                0x0000000000001dac                __fp_nan

.text           0x0000000000001db2        0x4
 .text          0x0000000000001db2        0x4 C:/Program Files/Microchip/MPLABX/v5.45/packs/Microchip/AVR-Dx_DFP/1.6.88/xc8/avr/lib/avrxmega4/memx-const/crtavr128da48.o
                0x0000000000001db2                __vector_38
                0x0000000000001db2                __vector_28
                0x0000000000001db2                __vector_1
                0x0000000000001db2                __vector_32
                0x0000000000001db2                __vector_12
                0x0000000000001db2                __vector_55
                0x0000000000001db2                __vector_46
                0x0000000000001db2                __bad_interrupt
                0x0000000000001db2                __vector_31
                0x0000000000001db2                __vector_35
                0x0000000000001db2                __vector_39
                0x0000000000001db2                __vector_23
                0x0000000000001db2                __vector_30
                0x0000000000001db2                __vector_11
                0x0000000000001db2                __vector_54
                0x0000000000001db2                __vector_13
                0x0000000000001db2                __vector_17
                0x0000000000001db2                __vector_19
                0x0000000000001db2                __vector_56
                0x0000000000001db2                __vector_7
                0x0000000000001db2                __vector_49
                0x0000000000001db2                __vector_41
                0x0000000000001db2                __vector_43
                0x0000000000001db2                __vector_27
                0x0000000000001db2                __vector_5
                0x0000000000001db2                __vector_33
                0x0000000000001db2                __vector_47
                0x0000000000001db2                __vector_52
                0x0000000000001db2                __vector_37
                0x0000000000001db2                __vector_51
                0x0000000000001db2                __vector_9
                0x0000000000001db2                __vector_2
                0x0000000000001db2                __vector_21
                0x0000000000001db2                __vector_15
                0x0000000000001db2                __vector_36
                0x0000000000001db2                __vector_40
                0x0000000000001db2                __vector_8
                0x0000000000001db2                __vector_26
                0x0000000000001db2                __vector_48
                0x0000000000001db2                __vector_14
                0x0000000000001db2                __vector_57
                0x0000000000001db2                __vector_53
                0x0000000000001db2                __vector_10
                0x0000000000001db2                __vector_50
                0x0000000000001db2                __vector_16
                0x0000000000001db2                __vector_18
                0x0000000000001db2                __vector_20
                0x0000000000001db2                __vector_42

.data.USART1_stream
                0x0000000000804022        0xf load address 0x0000000000001db6
 .data.USART1_stream
                0x0000000000804022        0xf build/default/production/mcc_generated_files/uart/src/usart1.o
                0x0000000000804022                USART1_stream
